Oct 28 18:23:27 ip-10-0-0-14 kernel: [ 1346.804853] [UFW BLOCK] IN=eth0 OUT= MAC=0a:2a:3e:83:d5:56:0a:74:90:24:93:16:08:00 SRC=24.125.35.143 DST=10.0.0.14 LEN=64 TOS=0x00 PREC=0x00 TTL=42 ID=0 DF PROTO=TCP SPT=31208 DPT=80 WINDOW=65535 RES=0x00 SYN URGP=0 
Oct 28 18:23:27 ip-10-0-0-14 kernel: [ 1346.809663] [UFW BLOCK] IN=eth0 OUT= MAC=0a:2a:3e:83:d5:56:0a:74:90:24:93:16:08:00 SRC=24.125.35.143 DST=10.0.0.14 LEN=64 TOS=0x00 PREC=0x00 TTL=42 ID=0 DF PROTO=TCP SPT=61892 DPT=80 WINDOW=65535 RES=0x00 SYN URGP=0 
Oct 28 18:23:27 ip-10-0-0-14 kernel: [ 1346.809673] [UFW BLOCK] IN=eth0 OUT= MAC=0a:2a:3e:83:d5:56:0a:74:90:24:93:16:08:00 SRC=24.125.35.143 DST=10.0.0.14 LEN=64 TOS=0x00 PREC=0x00 TTL=42 ID=0 DF PROTO=TCP SPT=23376 DPT=80 WINDOW=65535 RES=0x00 SYN URGP=0 
Oct 28 18:24:01 ip-10-0-0-14 kernel: [ 1381.225065] [UFW BLOCK] IN=eth0 OUT= MAC=0a:2a:3e:83:d5:56:0a:74:90:24:93:16:08:00 SRC=24.125.35.143 DST=10.0.0.14 LEN=64 TOS=0x00 PREC=0x00 TTL=41 ID=0 DF PROTO=TCP SPT=62716 DPT=80 WINDOW=65535 RES=0x00 SYN URGP=0 
Oct 28 18:24:57 ip-10-0-0-14 dhclient[1069]: DHCPREQUEST of 10.0.0.14 on eth0 to 10.0.0.1 port 67 (xid=0x34daf461)
Oct 28 18:24:57 ip-10-0-0-14 dhclient[1069]: DHCPACK of 10.0.0.14 from 10.0.0.1
Oct 28 18:24:57 ip-10-0-0-14 dhclient[1069]: bound to 10.0.0.14 -- renewal in 1409 seconds.
Oct 28 18:25:06 ip-10-0-0-14 dhclient[1068]: DHCPREQUEST of 10.0.2.244 on eth1 to 10.0.2.1 port 67 (xid=0x4c6113aa)
Oct 28 18:25:06 ip-10-0-0-14 dhclient[1068]: DHCPACK of 10.0.2.244 from 10.0.2.1
Oct 28 18:25:06 ip-10-0-0-14 dhclient[1068]: bound to 10.0.2.244 -- renewal in 1754 seconds.
Oct 28 18:39:01 ip-10-0-0-14 CRON[2201]: (root) CMD (  [ -x /usr/lib/php/sessionclean ] && /usr/lib/php/sessionclean)
Oct 28 18:45:12 ip-10-0-0-14 kernel: [ 2652.086473] [UFW BLOCK] IN=eth0 OUT= MAC=0a:2a:3e:83:d5:56:0a:74:90:24:93:16:08:00 SRC=24.125.35.143 DST=10.0.0.14 LEN=64 TOS=0x00 PREC=0x00 TTL=42 ID=0 DF PROTO=TCP SPT=49538 DPT=80 WINDOW=65535 RES=0x00 SYN URGP=0 
Oct 28 18:45:12 ip-10-0-0-14 kernel: [ 2652.086524] [UFW BLOCK] IN=eth0 OUT= MAC=0a:2a:3e:83:d5:56:0a:74:90:24:93:16:08:00 SRC=24.125.35.143 DST=10.0.0.14 LEN=64 TOS=0x00 PREC=0x00 TTL=41 ID=0 DF PROTO=TCP SPT=50897 DPT=80 WINDOW=65535 RES=0x00 SYN URGP=0 
Oct 28 18:45:12 ip-10-0-0-14 kernel: [ 2652.086555] [UFW BLOCK] IN=eth0 OUT= MAC=0a:2a:3e:83:d5:56:0a:74:90:24:93:16:08:00 SRC=24.125.35.143 DST=10.0.0.14 LEN=64 TOS=0x00 PREC=0x00 TTL=42 ID=0 DF PROTO=TCP SPT=38628 DPT=80 WINDOW=65535 RES=0x00 SYN URGP=0 
Oct 28 18:45:12 ip-10-0-0-14 kernel: [ 2652.086562] [UFW BLOCK] IN=eth0 OUT= MAC=0a:2a:3e:83:d5:56:0a:74:90:24:93:16:08:00 SRC=24.125.35.143 DST=10.0.0.14 LEN=64 TOS=0x00 PREC=0x00 TTL=41 ID=0 DF PROTO=TCP SPT=28558 DPT=80 WINDOW=65535 RES=0x00 SYN URGP=0 
Oct 28 18:45:12 ip-10-0-0-14 kernel: [ 2652.086568] [UFW BLOCK] IN=eth0 OUT= MAC=0a:2a:3e:83:d5:56:0a:74:90:24:93:16:08:00 SRC=24.125.35.143 DST=10.0.0.14 LEN=64 TOS=0x00 PREC=0x00 TTL=41 ID=0 DF PROTO=TCP SPT=6165 DPT=80 WINDOW=65535 RES=0x00 SYN URGP=0 
Oct 28 18:45:13 ip-10-0-0-14 kernel: [ 2653.197554] [UFW BLOCK] IN=eth0 OUT= MAC=0a:2a:3e:83:d5:56:0a:74:90:24:93:16:08:00 SRC=24.125.35.143 DST=10.0.0.14 LEN=64 TOS=0x00 PREC=0x00 TTL=42 ID=0 DF PROTO=TCP SPT=49538 DPT=80 WINDOW=65535 RES=0x00 SYN URGP=0 
Oct 28 18:45:13 ip-10-0-0-14 kernel: [ 2653.203108] [UFW BLOCK] IN=eth0 OUT= MAC=0a:2a:3e:83:d5:56:0a:74:90:24:93:16:08:00 SRC=24.125.35.143 DST=10.0.0.14 LEN=64 TOS=0x00 PREC=0x00 TTL=41 ID=0 DF PROTO=TCP SPT=50897 DPT=80 WINDOW=65535 RES=0x00 SYN URGP=0 
Oct 28 18:45:13 ip-10-0-0-14 kernel: [ 2653.203118] [UFW BLOCK] IN=eth0 OUT= MAC=0a:2a:3e:83:d5:56:0a:74:90:24:93:16:08:00 SRC=24.125.35.143 DST=10.0.0.14 LEN=64 TOS=0x00 PREC=0x00 TTL=41 ID=0 DF PROTO=TCP SPT=28558 DPT=80 WINDOW=65535 RES=0x00 SYN URGP=0 
Oct 28 18:45:13 ip-10-0-0-14 kernel: [ 2653.203128] [UFW BLOCK] IN=eth0 OUT= MAC=0a:2a:3e:83:d5:56:0a:74:90:24:93:16:08:00 SRC=24.125.35.143 DST=10.0.0.14 LEN=64 TOS=0x00 PREC=0x00 TTL=42 ID=0 DF PROTO=TCP SPT=38628 DPT=80 WINDOW=65535 RES=0x00 SYN URGP=0 
Oct 28 18:45:13 ip-10-0-0-14 kernel: [ 2653.203169] [UFW BLOCK] IN=eth0 OUT= MAC=0a:2a:3e:83:d5:56:0a:74:90:24:93:16:08:00 SRC=24.125.35.143 DST=10.0.0.14 LEN=64 TOS=0x00 PREC=0x00 TTL=41 ID=0 DF PROTO=TCP SPT=6165 DPT=80 WINDOW=65535 RES=0x00 SYN URGP=0 
Oct 28 18:45:32 ip-10-0-0-14 kernel: [ 2672.433692] [UFW BLOCK] IN=eth0 OUT= MAC=0a:2a:3e:83:d5:56:0a:74:90:24:93:16:08:00 SRC=24.125.35.143 DST=10.0.0.14 LEN=64 TOS=0x00 PREC=0x00 TTL=41 ID=0 DF PROTO=TCP SPT=9412 DPT=80 WINDOW=65535 RES=0x00 SYN URGP=0 
Oct 28 18:46:05 ip-10-0-0-14 kernel: [ 2704.681691] [UFW BLOCK] IN=eth0 OUT= MAC=0a:2a:3e:83:d5:56:0a:74:90:24:93:16:08:00 SRC=24.125.35.143 DST=10.0.0.14 LEN=64 TOS=0x00 PREC=0x00 TTL=42 ID=0 DF PROTO=TCP SPT=52431 DPT=80 WINDOW=65535 RES=0x00 SYN URGP=0 
Oct 28 18:46:07 ip-10-0-0-14 kernel: [ 2707.242524] device eth0 entered promiscuous mode
Oct 28 18:46:13 ip-10-0-0-14 kernel: [ 2713.037101] [UFW BLOCK] IN=eth0 OUT= MAC=0a:2a:3e:83:d5:56:0a:74:90:24:93:16:08:00 SRC=24.125.35.143 DST=10.0.0.14 LEN=64 TOS=0x00 PREC=0x00 TTL=42 ID=0 DF PROTO=TCP SPT=36426 DPT=80 WINDOW=65535 RES=0x00 SYN URGP=0 
Oct 28 18:46:22 ip-10-0-0-14 kernel: [ 2721.788143] device eth0 left promiscuous mode
Oct 28 18:46:45 ip-10-0-0-14 kernel: [ 2745.268488] [UFW BLOCK] IN=eth0 OUT= MAC=0a:2a:3e:83:d5:56:0a:74:90:24:93:16:08:00 SRC=24.125.35.143 DST=10.0.0.14 LEN=64 TOS=0x00 PREC=0x00 TTL=42 ID=0 DF PROTO=TCP SPT=49847 DPT=80 WINDOW=65535 RES=0x00 SYN URGP=0 
Oct 28 18:47:18 ip-10-0-0-14 kernel: [ 2777.448144] [UFW BLOCK] IN=eth0 OUT= MAC=0a:2a:3e:83:d5:56:0a:74:90:24:93:16:08:00 SRC=24.125.35.143 DST=10.0.0.14 LEN=48 TOS=0x00 PREC=0x00 TTL=41 ID=0 DF PROTO=TCP SPT=30576 DPT=80 WINDOW=65535 RES=0x00 SYN URGP=0 
Oct 28 18:48:26 ip-10-0-0-14 dhclient[1069]: DHCPREQUEST of 10.0.0.14 on eth0 to 10.0.0.1 port 67 (xid=0x34daf461)
Oct 28 18:48:26 ip-10-0-0-14 dhclient[1069]: DHCPACK of 10.0.0.14 from 10.0.0.1
Oct 28 18:48:26 ip-10-0-0-14 dhclient[1069]: bound to 10.0.0.14 -- renewal in 1473 seconds.
Oct 28 18:54:20 ip-10-0-0-14 dhclient[1068]: DHCPREQUEST of 10.0.2.244 on eth1 to 10.0.2.1 port 67 (xid=0x4c6113aa)
Oct 28 18:54:20 ip-10-0-0-14 dhclient[1068]: DHCPACK of 10.0.2.244 from 10.0.2.1
Oct 28 18:54:20 ip-10-0-0-14 dhclient[1068]: bound to 10.0.2.244 -- renewal in 1551 seconds.
Oct 28 19:09:01 ip-10-0-0-14 CRON[2401]: (root) CMD (  [ -x /usr/lib/php/sessionclean ] && /usr/lib/php/sessionclean)
Oct 28 19:12:59 ip-10-0-0-14 dhclient[1069]: DHCPREQUEST of 10.0.0.14 on eth0 to 10.0.0.1 port 67 (xid=0x34daf461)
Oct 28 19:12:59 ip-10-0-0-14 dhclient[1069]: DHCPACK of 10.0.0.14 from 10.0.0.1
Oct 28 19:12:59 ip-10-0-0-14 dhclient[1069]: bound to 10.0.0.14 -- renewal in 1480 seconds.
Oct 28 19:17:01 ip-10-0-0-14 CRON[2455]: (root) CMD (   cd / && run-parts --report /etc/cron.hourly)
Oct 28 19:20:11 ip-10-0-0-14 dhclient[1068]: DHCPREQUEST of 10.0.2.244 on eth1 to 10.0.2.1 port 67 (xid=0x4c6113aa)
Oct 28 19:20:11 ip-10-0-0-14 dhclient[1068]: DHCPACK of 10.0.2.244 from 10.0.2.1
Oct 28 19:20:11 ip-10-0-0-14 dhclient[1068]: bound to 10.0.2.244 -- renewal in 1729 seconds.
Oct 28 19:37:39 ip-10-0-0-14 dhclient[1069]: DHCPREQUEST of 10.0.0.14 on eth0 to 10.0.0.1 port 67 (xid=0x34daf461)
Oct 28 19:37:39 ip-10-0-0-14 dhclient[1069]: DHCPACK of 10.0.0.14 from 10.0.0.1
Oct 28 19:37:39 ip-10-0-0-14 dhclient[1069]: bound to 10.0.0.14 -- renewal in 1571 seconds.
Oct 28 19:39:01 ip-10-0-0-14 CRON[2482]: (root) CMD (  [ -x /usr/lib/php/sessionclean ] && /usr/lib/php/sessionclean)
Oct 28 19:49:01 ip-10-0-0-14 dhclient[1068]: DHCPREQUEST of 10.0.2.244 on eth1 to 10.0.2.1 port 67 (xid=0x4c6113aa)
Oct 28 19:49:01 ip-10-0-0-14 dhclient[1068]: DHCPACK of 10.0.2.244 from 10.0.2.1
Oct 28 19:49:01 ip-10-0-0-14 dhclient[1068]: bound to 10.0.2.244 -- renewal in 1574 seconds.
Oct 28 20:03:50 ip-10-0-0-14 dhclient[1069]: DHCPREQUEST of 10.0.0.14 on eth0 to 10.0.0.1 port 67 (xid=0x34daf461)
Oct 28 20:03:50 ip-10-0-0-14 dhclient[1069]: DHCPACK of 10.0.0.14 from 10.0.0.1
Oct 28 20:03:50 ip-10-0-0-14 dhclient[1069]: bound to 10.0.0.14 -- renewal in 1778 seconds.
Oct 28 20:09:01 ip-10-0-0-14 CRON[2547]: (root) CMD (  [ -x /usr/lib/php/sessionclean ] && /usr/lib/php/sessionclean)
Oct 28 20:14:59 ip-10-0-0-14 systemd[1]: Starting Automatically fetch and run repair assertions...
Oct 28 20:14:59 ip-10-0-0-14 snap-repair[2588]: error: cannot use snap-repair on a classic system
Oct 28 20:14:59 ip-10-0-0-14 systemd[1]: Started Automatically fetch and run repair assertions.
Oct 28 20:15:15 ip-10-0-0-14 dhclient[1068]: DHCPREQUEST of 10.0.2.244 on eth1 to 10.0.2.1 port 67 (xid=0x4c6113aa)
Oct 28 20:15:15 ip-10-0-0-14 dhclient[1068]: DHCPACK of 10.0.2.244 from 10.0.2.1
Oct 28 20:15:15 ip-10-0-0-14 dhclient[1068]: bound to 10.0.2.244 -- renewal in 1378 seconds.
Oct 28 20:17:01 ip-10-0-0-14 CRON[2607]: (root) CMD (   cd / && run-parts --report /etc/cron.hourly)
Oct 28 20:33:28 ip-10-0-0-14 dhclient[1069]: DHCPREQUEST of 10.0.0.14 on eth0 to 10.0.0.1 port 67 (xid=0x34daf461)
Oct 28 20:33:28 ip-10-0-0-14 dhclient[1069]: DHCPACK of 10.0.0.14 from 10.0.0.1
Oct 28 20:33:28 ip-10-0-0-14 dhclient[1069]: bound to 10.0.0.14 -- renewal in 1714 seconds.
Oct 28 20:38:13 ip-10-0-0-14 dhclient[1068]: DHCPREQUEST of 10.0.2.244 on eth1 to 10.0.2.1 port 67 (xid=0x4c6113aa)
Oct 28 20:38:13 ip-10-0-0-14 dhclient[1068]: DHCPACK of 10.0.2.244 from 10.0.2.1
Oct 28 20:38:13 ip-10-0-0-14 dhclient[1068]: bound to 10.0.2.244 -- renewal in 1627 seconds.
Oct 28 20:39:01 ip-10-0-0-14 CRON[2633]: (root) CMD (  [ -x /usr/lib/php/sessionclean ] && /usr/lib/php/sessionclean)
Oct 28 21:02:02 ip-10-0-0-14 dhclient[1069]: DHCPREQUEST of 10.0.0.14 on eth0 to 10.0.0.1 port 67 (xid=0x34daf461)
Oct 28 21:02:02 ip-10-0-0-14 dhclient[1069]: DHCPACK of 10.0.0.14 from 10.0.0.1
Oct 28 21:02:02 ip-10-0-0-14 dhclient[1069]: bound to 10.0.0.14 -- renewal in 1386 seconds.
Oct 28 21:05:20 ip-10-0-0-14 dhclient[1068]: DHCPREQUEST of 10.0.2.244 on eth1 to 10.0.2.1 port 67 (xid=0x4c6113aa)
Oct 28 21:05:20 ip-10-0-0-14 dhclient[1068]: DHCPACK of 10.0.2.244 from 10.0.2.1
Oct 28 21:05:20 ip-10-0-0-14 dhclient[1068]: bound to 10.0.2.244 -- renewal in 1518 seconds.
Oct 28 21:09:01 ip-10-0-0-14 CRON[2698]: (root) CMD (  [ -x /usr/lib/php/sessionclean ] && /usr/lib/php/sessionclean)
Oct 28 21:17:01 ip-10-0-0-14 CRON[2740]: (root) CMD (   cd / && run-parts --report /etc/cron.hourly)
Oct 28 21:25:08 ip-10-0-0-14 dhclient[1069]: DHCPREQUEST of 10.0.0.14 on eth0 to 10.0.0.1 port 67 (xid=0x34daf461)
Oct 28 21:25:08 ip-10-0-0-14 dhclient[1069]: DHCPACK of 10.0.0.14 from 10.0.0.1
Oct 28 21:25:08 ip-10-0-0-14 dhclient[1069]: bound to 10.0.0.14 -- renewal in 1571 seconds.
Oct 28 21:30:38 ip-10-0-0-14 dhclient[1068]: DHCPREQUEST of 10.0.2.244 on eth1 to 10.0.2.1 port 67 (xid=0x4c6113aa)
Oct 28 21:30:38 ip-10-0-0-14 dhclient[1068]: DHCPACK of 10.0.2.244 from 10.0.2.1
Oct 28 21:30:38 ip-10-0-0-14 dhclient[1068]: bound to 10.0.2.244 -- renewal in 1358 seconds.
Oct 28 21:39:01 ip-10-0-0-14 CRON[2766]: (root) CMD (  [ -x /usr/lib/php/sessionclean ] && /usr/lib/php/sessionclean)
Oct 28 21:51:19 ip-10-0-0-14 dhclient[1069]: DHCPREQUEST of 10.0.0.14 on eth0 to 10.0.0.1 port 67 (xid=0x34daf461)
Oct 28 21:51:19 ip-10-0-0-14 dhclient[1069]: DHCPACK of 10.0.0.14 from 10.0.0.1
Oct 28 21:51:19 ip-10-0-0-14 dhclient[1069]: bound to 10.0.0.14 -- renewal in 1461 seconds.
Oct 28 21:53:16 ip-10-0-0-14 dhclient[1068]: DHCPREQUEST of 10.0.2.244 on eth1 to 10.0.2.1 port 67 (xid=0x4c6113aa)
Oct 28 21:53:16 ip-10-0-0-14 dhclient[1068]: DHCPACK of 10.0.2.244 from 10.0.2.1
Oct 28 21:53:16 ip-10-0-0-14 dhclient[1068]: bound to 10.0.2.244 -- renewal in 1577 seconds.
Oct 28 22:09:01 ip-10-0-0-14 CRON[2863]: (root) CMD (  [ -x /usr/lib/php/sessionclean ] && /usr/lib/php/sessionclean)
Oct 28 22:10:49 ip-10-0-0-14 systemd[1]: Starting Daily apt download activities...
Oct 28 22:10:50 ip-10-0-0-14 systemd[1]: Started Daily apt download activities.
Oct 28 22:15:40 ip-10-0-0-14 dhclient[1069]: DHCPREQUEST of 10.0.0.14 on eth0 to 10.0.0.1 port 67 (xid=0x34daf461)
Oct 28 22:15:40 ip-10-0-0-14 dhclient[1069]: DHCPACK of 10.0.0.14 from 10.0.0.1
Oct 28 22:15:40 ip-10-0-0-14 dhclient[1069]: bound to 10.0.0.14 -- renewal in 1676 seconds.
Oct 28 22:17:01 ip-10-0-0-14 CRON[2964]: (root) CMD (   cd / && run-parts --report /etc/cron.hourly)
Oct 28 22:19:33 ip-10-0-0-14 dhclient[1068]: DHCPREQUEST of 10.0.2.244 on eth1 to 10.0.2.1 port 67 (xid=0x4c6113aa)
Oct 28 22:19:33 ip-10-0-0-14 dhclient[1068]: DHCPACK of 10.0.2.244 from 10.0.2.1
Oct 28 22:19:33 ip-10-0-0-14 dhclient[1068]: bound to 10.0.2.244 -- renewal in 1548 seconds.
Oct 28 22:39:02 ip-10-0-0-14 CRON[2978]: (root) CMD (  [ -x /usr/lib/php/sessionclean ] && /usr/lib/php/sessionclean)
Oct 28 22:43:36 ip-10-0-0-14 dhclient[1069]: DHCPREQUEST of 10.0.0.14 on eth0 to 10.0.0.1 port 67 (xid=0x34daf461)
Oct 28 22:43:36 ip-10-0-0-14 dhclient[1069]: DHCPACK of 10.0.0.14 from 10.0.0.1
Oct 28 22:43:36 ip-10-0-0-14 dhclient[1069]: bound to 10.0.0.14 -- renewal in 1425 seconds.
Oct 28 22:45:22 ip-10-0-0-14 dhclient[1068]: DHCPREQUEST of 10.0.2.244 on eth1 to 10.0.2.1 port 67 (xid=0x4c6113aa)
Oct 28 22:45:22 ip-10-0-0-14 dhclient[1068]: DHCPACK of 10.0.2.244 from 10.0.2.1
Oct 28 22:45:22 ip-10-0-0-14 dhclient[1068]: bound to 10.0.2.244 -- renewal in 1715 seconds.
Oct 28 23:07:21 ip-10-0-0-14 dhclient[1069]: DHCPREQUEST of 10.0.0.14 on eth0 to 10.0.0.1 port 67 (xid=0x34daf461)
Oct 28 23:07:21 ip-10-0-0-14 dhclient[1069]: DHCPACK of 10.0.0.14 from 10.0.0.1
Oct 28 23:07:21 ip-10-0-0-14 dhclient[1069]: bound to 10.0.0.14 -- renewal in 1678 seconds.
Oct 28 23:09:01 ip-10-0-0-14 CRON[3055]: (root) CMD (  [ -x /usr/lib/php/sessionclean ] && /usr/lib/php/sessionclean)
Oct 28 23:11:59 ip-10-0-0-14 systemd[1]: Starting Automatically fetch and run repair assertions...
Oct 28 23:11:59 ip-10-0-0-14 snap-repair[3096]: error: cannot use snap-repair on a classic system
Oct 28 23:11:59 ip-10-0-0-14 systemd[1]: Started Automatically fetch and run repair assertions.
Oct 28 23:13:57 ip-10-0-0-14 dhclient[1068]: DHCPREQUEST of 10.0.2.244 on eth1 to 10.0.2.1 port 67 (xid=0x4c6113aa)
Oct 28 23:13:57 ip-10-0-0-14 dhclient[1068]: DHCPACK of 10.0.2.244 from 10.0.2.1
Oct 28 23:13:57 ip-10-0-0-14 dhclient[1068]: bound to 10.0.2.244 -- renewal in 1792 seconds.
Oct 28 23:17:01 ip-10-0-0-14 CRON[3115]: (root) CMD (   cd / && run-parts --report /etc/cron.hourly)
Oct 28 23:35:19 ip-10-0-0-14 dhclient[1069]: DHCPREQUEST of 10.0.0.14 on eth0 to 10.0.0.1 port 67 (xid=0x34daf461)
Oct 28 23:35:19 ip-10-0-0-14 dhclient[1069]: DHCPACK of 10.0.0.14 from 10.0.0.1
Oct 28 23:35:19 ip-10-0-0-14 dhclient[1069]: bound to 10.0.0.14 -- renewal in 1473 seconds.
Oct 28 23:39:01 ip-10-0-0-14 CRON[3130]: (root) CMD (  [ -x /usr/lib/php/sessionclean ] && /usr/lib/php/sessionclean)
Oct 28 23:43:49 ip-10-0-0-14 dhclient[1068]: DHCPREQUEST of 10.0.2.244 on eth1 to 10.0.2.1 port 67 (xid=0x4c6113aa)
Oct 28 23:43:49 ip-10-0-0-14 dhclient[1068]: DHCPACK of 10.0.2.244 from 10.0.2.1
Oct 28 23:43:49 ip-10-0-0-14 dhclient[1068]: bound to 10.0.2.244 -- renewal in 1593 seconds.
Oct 28 23:59:53 ip-10-0-0-14 dhclient[1069]: DHCPREQUEST of 10.0.0.14 on eth0 to 10.0.0.1 port 67 (xid=0x34daf461)
Oct 28 23:59:53 ip-10-0-0-14 dhclient[1069]: DHCPACK of 10.0.0.14 from 10.0.0.1
Oct 28 23:59:53 ip-10-0-0-14 dhclient[1069]: bound to 10.0.0.14 -- renewal in 1618 seconds.
Oct 29 00:09:01 ip-10-0-0-14 CRON[3195]: (root) CMD (  [ -x /usr/lib/php/sessionclean ] && /usr/lib/php/sessionclean)
Oct 29 00:10:22 ip-10-0-0-14 dhclient[1068]: DHCPREQUEST of 10.0.2.244 on eth1 to 10.0.2.1 port 67 (xid=0x4c6113aa)
Oct 29 00:10:22 ip-10-0-0-14 dhclient[1068]: DHCPACK of 10.0.2.244 from 10.0.2.1
Oct 29 00:10:22 ip-10-0-0-14 dhclient[1068]: bound to 10.0.2.244 -- renewal in 1677 seconds.
Oct 29 00:17:01 ip-10-0-0-14 CRON[3248]: (root) CMD (   cd / && run-parts --report /etc/cron.hourly)
Oct 29 00:26:51 ip-10-0-0-14 dhclient[1069]: DHCPREQUEST of 10.0.0.14 on eth0 to 10.0.0.1 port 67 (xid=0x34daf461)
Oct 29 00:26:51 ip-10-0-0-14 dhclient[1069]: DHCPACK of 10.0.0.14 from 10.0.0.1
Oct 29 00:26:51 ip-10-0-0-14 dhclient[1069]: bound to 10.0.0.14 -- renewal in 1501 seconds.
Oct 29 00:38:19 ip-10-0-0-14 dhclient[1068]: DHCPREQUEST of 10.0.2.244 on eth1 to 10.0.2.1 port 67 (xid=0x4c6113aa)
Oct 29 00:38:19 ip-10-0-0-14 dhclient[1068]: DHCPACK of 10.0.2.244 from 10.0.2.1
Oct 29 00:38:19 ip-10-0-0-14 dhclient[1068]: bound to 10.0.2.244 -- renewal in 1651 seconds.
Oct 29 00:39:01 ip-10-0-0-14 CRON[3274]: (root) CMD (  [ -x /usr/lib/php/sessionclean ] && /usr/lib/php/sessionclean)
Oct 29 00:51:52 ip-10-0-0-14 dhclient[1069]: DHCPREQUEST of 10.0.0.14 on eth0 to 10.0.0.1 port 67 (xid=0x34daf461)
Oct 29 00:51:52 ip-10-0-0-14 dhclient[1069]: DHCPACK of 10.0.0.14 from 10.0.0.1
Oct 29 00:51:52 ip-10-0-0-14 dhclient[1069]: bound to 10.0.0.14 -- renewal in 1497 seconds.
Oct 29 00:57:01 ip-10-0-0-14 CRON[3328]: (root) CMD (if [ -x /usr/share/mdadm/checkarray ] && [ $(date +%d) -le 7 ]; then /usr/share/mdadm/checkarray --cron --all --idle --quiet; fi)
Oct 29 01:05:50 ip-10-0-0-14 dhclient[1068]: DHCPREQUEST of 10.0.2.244 on eth1 to 10.0.2.1 port 67 (xid=0x4c6113aa)
Oct 29 01:05:50 ip-10-0-0-14 dhclient[1068]: DHCPACK of 10.0.2.244 from 10.0.2.1
Oct 29 01:05:50 ip-10-0-0-14 dhclient[1068]: bound to 10.0.2.244 -- renewal in 1367 seconds.
Oct 29 01:09:01 ip-10-0-0-14 CRON[3342]: (root) CMD (  [ -x /usr/lib/php/sessionclean ] && /usr/lib/php/sessionclean)
Oct 29 01:16:50 ip-10-0-0-14 dhclient[1069]: DHCPREQUEST of 10.0.0.14 on eth0 to 10.0.0.1 port 67 (xid=0x34daf461)
Oct 29 01:16:50 ip-10-0-0-14 dhclient[1069]: DHCPACK of 10.0.0.14 from 10.0.0.1
Oct 29 01:16:50 ip-10-0-0-14 dhclient[1069]: bound to 10.0.0.14 -- renewal in 1651 seconds.
Oct 29 01:17:01 ip-10-0-0-14 CRON[3396]: (root) CMD (   cd / && run-parts --report /etc/cron.hourly)
Oct 29 01:28:37 ip-10-0-0-14 dhclient[1068]: DHCPREQUEST of 10.0.2.244 on eth1 to 10.0.2.1 port 67 (xid=0x4c6113aa)
Oct 29 01:28:37 ip-10-0-0-14 dhclient[1068]: DHCPACK of 10.0.2.244 from 10.0.2.1
Oct 29 01:28:37 ip-10-0-0-14 dhclient[1068]: bound to 10.0.2.244 -- renewal in 1635 seconds.
Oct 29 01:39:01 ip-10-0-0-14 CRON[3410]: (root) CMD (  [ -x /usr/lib/php/sessionclean ] && /usr/lib/php/sessionclean)
Oct 29 01:44:21 ip-10-0-0-14 dhclient[1069]: DHCPREQUEST of 10.0.0.14 on eth0 to 10.0.0.1 port 67 (xid=0x34daf461)
Oct 29 01:44:21 ip-10-0-0-14 dhclient[1069]: DHCPACK of 10.0.0.14 from 10.0.0.1
Oct 29 01:44:21 ip-10-0-0-14 dhclient[1069]: bound to 10.0.0.14 -- renewal in 1434 seconds.
Oct 29 01:55:52 ip-10-0-0-14 dhclient[1068]: DHCPREQUEST of 10.0.2.244 on eth1 to 10.0.2.1 port 67 (xid=0x4c6113aa)
Oct 29 01:55:52 ip-10-0-0-14 dhclient[1068]: DHCPACK of 10.0.2.244 from 10.0.2.1
Oct 29 01:55:52 ip-10-0-0-14 dhclient[1068]: bound to 10.0.2.244 -- renewal in 1429 seconds.
Oct 29 02:08:15 ip-10-0-0-14 dhclient[1069]: DHCPREQUEST of 10.0.0.14 on eth0 to 10.0.0.1 port 67 (xid=0x34daf461)
Oct 29 02:08:15 ip-10-0-0-14 dhclient[1069]: DHCPACK of 10.0.0.14 from 10.0.0.1
Oct 29 02:08:15 ip-10-0-0-14 dhclient[1069]: bound to 10.0.0.14 -- renewal in 1470 seconds.
Oct 29 02:09:01 ip-10-0-0-14 CRON[3488]: (root) CMD (  [ -x /usr/lib/php/sessionclean ] && /usr/lib/php/sessionclean)
Oct 29 02:17:01 ip-10-0-0-14 CRON[3530]: (root) CMD (   cd / && run-parts --report /etc/cron.hourly)
Oct 29 02:19:41 ip-10-0-0-14 dhclient[1068]: DHCPREQUEST of 10.0.2.244 on eth1 to 10.0.2.1 port 67 (xid=0x4c6113aa)
Oct 29 02:19:41 ip-10-0-0-14 dhclient[1068]: DHCPACK of 10.0.2.244 from 10.0.2.1
Oct 29 02:19:41 ip-10-0-0-14 dhclient[1068]: bound to 10.0.2.244 -- renewal in 1388 seconds.
Oct 29 02:31:09 ip-10-0-0-14 snapd[1334]: 2017/10/29 02:31:09.535171 snapmgr.go:429: No snaps to auto-refresh found
Oct 29 02:32:45 ip-10-0-0-14 dhclient[1069]: DHCPREQUEST of 10.0.0.14 on eth0 to 10.0.0.1 port 67 (xid=0x34daf461)
Oct 29 02:32:45 ip-10-0-0-14 dhclient[1069]: DHCPACK of 10.0.0.14 from 10.0.0.1
Oct 29 02:32:45 ip-10-0-0-14 dhclient[1069]: bound to 10.0.0.14 -- renewal in 1452 seconds.
Oct 29 02:39:01 ip-10-0-0-14 CRON[3557]: (root) CMD (  [ -x /usr/lib/php/sessionclean ] && /usr/lib/php/sessionclean)
Oct 29 02:42:50 ip-10-0-0-14 dhclient[1068]: DHCPREQUEST of 10.0.2.244 on eth1 to 10.0.2.1 port 67 (xid=0x4c6113aa)
Oct 29 02:42:50 ip-10-0-0-14 dhclient[1068]: DHCPACK of 10.0.2.244 from 10.0.2.1
Oct 29 02:42:50 ip-10-0-0-14 dhclient[1068]: bound to 10.0.2.244 -- renewal in 1756 seconds.
Oct 29 02:56:57 ip-10-0-0-14 dhclient[1069]: DHCPREQUEST of 10.0.0.14 on eth0 to 10.0.0.1 port 67 (xid=0x34daf461)
Oct 29 02:56:57 ip-10-0-0-14 dhclient[1069]: DHCPACK of 10.0.0.14 from 10.0.0.1
Oct 29 02:56:57 ip-10-0-0-14 dhclient[1069]: bound to 10.0.0.14 -- renewal in 1423 seconds.
Oct 29 03:09:01 ip-10-0-0-14 CRON[3622]: (root) CMD (  [ -x /usr/lib/php/sessionclean ] && /usr/lib/php/sessionclean)
Oct 29 03:12:07 ip-10-0-0-14 dhclient[1068]: DHCPREQUEST of 10.0.2.244 on eth1 to 10.0.2.1 port 67 (xid=0x4c6113aa)
Oct 29 03:12:07 ip-10-0-0-14 dhclient[1068]: DHCPACK of 10.0.2.244 from 10.0.2.1
Oct 29 03:12:07 ip-10-0-0-14 dhclient[1068]: bound to 10.0.2.244 -- renewal in 1796 seconds.
Oct 29 03:17:01 ip-10-0-0-14 CRON[3675]: (root) CMD (   cd / && run-parts --report /etc/cron.hourly)
Oct 29 03:20:40 ip-10-0-0-14 dhclient[1069]: DHCPREQUEST of 10.0.0.14 on eth0 to 10.0.0.1 port 67 (xid=0x34daf461)
Oct 29 03:20:40 ip-10-0-0-14 dhclient[1069]: DHCPACK of 10.0.0.14 from 10.0.0.1
Oct 29 03:20:40 ip-10-0-0-14 dhclient[1069]: bound to 10.0.0.14 -- renewal in 1403 seconds.
Oct 29 03:39:01 ip-10-0-0-14 CRON[3690]: (root) CMD (  [ -x /usr/lib/php/sessionclean ] && /usr/lib/php/sessionclean)
Oct 29 03:42:03 ip-10-0-0-14 dhclient[1068]: DHCPREQUEST of 10.0.2.244 on eth1 to 10.0.2.1 port 67 (xid=0x4c6113aa)
Oct 29 03:42:03 ip-10-0-0-14 dhclient[1068]: DHCPACK of 10.0.2.244 from 10.0.2.1
Oct 29 03:42:03 ip-10-0-0-14 dhclient[1068]: bound to 10.0.2.244 -- renewal in 1569 seconds.
Oct 29 03:44:03 ip-10-0-0-14 dhclient[1069]: DHCPREQUEST of 10.0.0.14 on eth0 to 10.0.0.1 port 67 (xid=0x34daf461)
Oct 29 03:44:03 ip-10-0-0-14 dhclient[1069]: DHCPACK of 10.0.0.14 from 10.0.0.1
Oct 29 03:44:03 ip-10-0-0-14 dhclient[1069]: bound to 10.0.0.14 -- renewal in 1460 seconds.
Oct 29 04:08:12 ip-10-0-0-14 dhclient[1068]: DHCPREQUEST of 10.0.2.244 on eth1 to 10.0.2.1 port 67 (xid=0x4c6113aa)
Oct 29 04:08:12 ip-10-0-0-14 dhclient[1068]: DHCPACK of 10.0.2.244 from 10.0.2.1
Oct 29 04:08:12 ip-10-0-0-14 dhclient[1068]: bound to 10.0.2.244 -- renewal in 1459 seconds.
Oct 29 04:08:23 ip-10-0-0-14 dhclient[1069]: DHCPREQUEST of 10.0.0.14 on eth0 to 10.0.0.1 port 67 (xid=0x34daf461)
Oct 29 04:08:23 ip-10-0-0-14 dhclient[1069]: DHCPACK of 10.0.0.14 from 10.0.0.1
Oct 29 04:08:23 ip-10-0-0-14 dhclient[1069]: bound to 10.0.0.14 -- renewal in 1369 seconds.
Oct 29 04:09:01 ip-10-0-0-14 CRON[3778]: (root) CMD (  [ -x /usr/lib/php/sessionclean ] && /usr/lib/php/sessionclean)
Oct 29 04:17:01 ip-10-0-0-14 CRON[3820]: (root) CMD (   cd / && run-parts --report /etc/cron.hourly)
Oct 29 04:31:12 ip-10-0-0-14 dhclient[1069]: DHCPREQUEST of 10.0.0.14 on eth0 to 10.0.0.1 port 67 (xid=0x34daf461)
Oct 29 04:31:12 ip-10-0-0-14 dhclient[1069]: DHCPACK of 10.0.0.14 from 10.0.0.1
Oct 29 04:31:12 ip-10-0-0-14 dhclient[1069]: bound to 10.0.0.14 -- renewal in 1632 seconds.
Oct 29 04:32:31 ip-10-0-0-14 dhclient[1068]: DHCPREQUEST of 10.0.2.244 on eth1 to 10.0.2.1 port 67 (xid=0x4c6113aa)
Oct 29 04:32:31 ip-10-0-0-14 dhclient[1068]: DHCPACK of 10.0.2.244 from 10.0.2.1
Oct 29 04:32:31 ip-10-0-0-14 dhclient[1068]: bound to 10.0.2.244 -- renewal in 1557 seconds.
Oct 29 04:39:01 ip-10-0-0-14 CRON[3846]: (root) CMD (  [ -x /usr/lib/php/sessionclean ] && /usr/lib/php/sessionclean)
Oct 29 04:58:24 ip-10-0-0-14 dhclient[1069]: DHCPREQUEST of 10.0.0.14 on eth0 to 10.0.0.1 port 67 (xid=0x34daf461)
Oct 29 04:58:24 ip-10-0-0-14 dhclient[1069]: DHCPACK of 10.0.0.14 from 10.0.0.1
Oct 29 04:58:24 ip-10-0-0-14 dhclient[1069]: bound to 10.0.0.14 -- renewal in 1756 seconds.
Oct 29 04:58:28 ip-10-0-0-14 dhclient[1068]: DHCPREQUEST of 10.0.2.244 on eth1 to 10.0.2.1 port 67 (xid=0x4c6113aa)
Oct 29 04:58:28 ip-10-0-0-14 dhclient[1068]: DHCPACK of 10.0.2.244 from 10.0.2.1
Oct 29 04:58:28 ip-10-0-0-14 dhclient[1068]: bound to 10.0.2.244 -- renewal in 1682 seconds.
Oct 29 05:09:01 ip-10-0-0-14 CRON[3911]: (root) CMD (  [ -x /usr/lib/php/sessionclean ] && /usr/lib/php/sessionclean)
Oct 29 05:17:01 ip-10-0-0-14 CRON[3953]: (root) CMD (   cd / && run-parts --report /etc/cron.hourly)
Oct 29 05:26:30 ip-10-0-0-14 dhclient[1068]: DHCPREQUEST of 10.0.2.244 on eth1 to 10.0.2.1 port 67 (xid=0x4c6113aa)
Oct 29 05:26:30 ip-10-0-0-14 dhclient[1068]: DHCPACK of 10.0.2.244 from 10.0.2.1
Oct 29 05:26:30 ip-10-0-0-14 dhclient[1068]: bound to 10.0.2.244 -- renewal in 1579 seconds.
Oct 29 05:27:40 ip-10-0-0-14 dhclient[1069]: DHCPREQUEST of 10.0.0.14 on eth0 to 10.0.0.1 port 67 (xid=0x34daf461)
Oct 29 05:27:40 ip-10-0-0-14 dhclient[1069]: DHCPACK of 10.0.0.14 from 10.0.0.1
Oct 29 05:27:40 ip-10-0-0-14 dhclient[1069]: bound to 10.0.0.14 -- renewal in 1522 seconds.
Oct 29 05:39:01 ip-10-0-0-14 CRON[3979]: (root) CMD (  [ -x /usr/lib/php/sessionclean ] && /usr/lib/php/sessionclean)
Oct 29 05:52:49 ip-10-0-0-14 dhclient[1068]: DHCPREQUEST of 10.0.2.244 on eth1 to 10.0.2.1 port 67 (xid=0x4c6113aa)
Oct 29 05:52:49 ip-10-0-0-14 dhclient[1068]: DHCPACK of 10.0.2.244 from 10.0.2.1
Oct 29 05:52:49 ip-10-0-0-14 dhclient[1068]: bound to 10.0.2.244 -- renewal in 1379 seconds.
Oct 29 05:53:02 ip-10-0-0-14 dhclient[1069]: DHCPREQUEST of 10.0.0.14 on eth0 to 10.0.0.1 port 67 (xid=0x34daf461)
Oct 29 05:53:02 ip-10-0-0-14 dhclient[1069]: DHCPACK of 10.0.0.14 from 10.0.0.1
Oct 29 05:53:02 ip-10-0-0-14 dhclient[1069]: bound to 10.0.0.14 -- renewal in 1585 seconds.
Oct 29 06:09:01 ip-10-0-0-14 CRON[4044]: (root) CMD (  [ -x /usr/lib/php/sessionclean ] && /usr/lib/php/sessionclean)
Oct 29 06:15:48 ip-10-0-0-14 dhclient[1068]: DHCPREQUEST of 10.0.2.244 on eth1 to 10.0.2.1 port 67 (xid=0x4c6113aa)
Oct 29 06:15:48 ip-10-0-0-14 dhclient[1068]: DHCPACK of 10.0.2.244 from 10.0.2.1
Oct 29 06:15:48 ip-10-0-0-14 dhclient[1068]: bound to 10.0.2.244 -- renewal in 1562 seconds.
Oct 29 06:17:01 ip-10-0-0-14 CRON[4097]: (root) CMD (   cd / && run-parts --report /etc/cron.hourly)
Oct 29 06:19:27 ip-10-0-0-14 dhclient[1069]: DHCPREQUEST of 10.0.0.14 on eth0 to 10.0.0.1 port 67 (xid=0x34daf461)
Oct 29 06:19:27 ip-10-0-0-14 dhclient[1069]: DHCPACK of 10.0.0.14 from 10.0.0.1
Oct 29 06:19:27 ip-10-0-0-14 dhclient[1069]: bound to 10.0.0.14 -- renewal in 1379 seconds.
Oct 29 06:25:01 ip-10-0-0-14 CRON[4113]: (root) CMD (test -x /usr/sbin/anacron || ( cd / && run-parts --report /etc/cron.daily ))
Oct 29 06:25:02 ip-10-0-0-14 systemd[1]: Reloading LSB: Apache2 web server.
Oct 29 06:25:02 ip-10-0-0-14 apache2[4202]:  * Reloading Apache httpd web server apache2
Oct 29 06:25:02 ip-10-0-0-14 apache2[4202]:  *
Oct 29 06:25:02 ip-10-0-0-14 systemd[1]: Reloaded LSB: Apache2 web server.
Oct 29 06:25:02 ip-10-0-0-14 rsyslogd: [origin software="rsyslogd" swVersion="8.16.0" x-pid="1347" x-info="http://www.rsyslog.com"] rsyslogd was HUPed
