Oct 29 06:26:59 ip-10-0-0-14 systemd[1]: Starting Automatically fetch and run repair assertions...
Oct 29 06:26:59 ip-10-0-0-14 snap-repair[4381]: error: cannot use snap-repair on a classic system
Oct 29 06:26:59 ip-10-0-0-14 systemd[1]: Started Automatically fetch and run repair assertions.
Oct 29 06:39:01 ip-10-0-0-14 CRON[4388]: (root) CMD (  [ -x /usr/lib/php/sessionclean ] && /usr/lib/php/sessionclean)
Oct 29 06:41:09 ip-10-0-0-14 snapd[1334]: 2017/10/29 06:41:09.535135 snapmgr.go:429: No snaps to auto-refresh found
Oct 29 06:41:50 ip-10-0-0-14 dhclient[1068]: DHCPREQUEST of 10.0.2.244 on eth1 to 10.0.2.1 port 67 (xid=0x4c6113aa)
Oct 29 06:41:50 ip-10-0-0-14 dhclient[1068]: DHCPACK of 10.0.2.244 from 10.0.2.1
Oct 29 06:41:50 ip-10-0-0-14 dhclient[1068]: bound to 10.0.2.244 -- renewal in 1479 seconds.
Oct 29 06:42:26 ip-10-0-0-14 dhclient[1069]: DHCPREQUEST of 10.0.0.14 on eth0 to 10.0.0.1 port 67 (xid=0x34daf461)
Oct 29 06:42:26 ip-10-0-0-14 dhclient[1069]: DHCPACK of 10.0.0.14 from 10.0.0.1
Oct 29 06:42:26 ip-10-0-0-14 dhclient[1069]: bound to 10.0.0.14 -- renewal in 1556 seconds.
Oct 29 06:47:01 ip-10-0-0-14 CRON[4453]: (root) CMD (test -x /usr/sbin/anacron || ( cd / && run-parts --report /etc/cron.weekly ))
Oct 29 06:58:49 ip-10-0-0-14 systemd[1]: Starting Daily apt upgrade and clean activities...
Oct 29 06:58:52 ip-10-0-0-14 systemd[1]: Started Daily apt upgrade and clean activities.
Oct 29 07:06:29 ip-10-0-0-14 dhclient[1068]: DHCPREQUEST of 10.0.2.244 on eth1 to 10.0.2.1 port 67 (xid=0x4c6113aa)
Oct 29 07:06:29 ip-10-0-0-14 dhclient[1068]: DHCPACK of 10.0.2.244 from 10.0.2.1
Oct 29 07:06:29 ip-10-0-0-14 dhclient[1068]: bound to 10.0.2.244 -- renewal in 1781 seconds.
Oct 29 07:08:22 ip-10-0-0-14 dhclient[1069]: DHCPREQUEST of 10.0.0.14 on eth0 to 10.0.0.1 port 67 (xid=0x34daf461)
Oct 29 07:08:22 ip-10-0-0-14 dhclient[1069]: DHCPACK of 10.0.0.14 from 10.0.0.1
Oct 29 07:08:22 ip-10-0-0-14 dhclient[1069]: bound to 10.0.0.14 -- renewal in 1741 seconds.
Oct 29 07:09:01 ip-10-0-0-14 CRON[4556]: (root) CMD (  [ -x /usr/lib/php/sessionclean ] && /usr/lib/php/sessionclean)
Oct 29 07:17:01 ip-10-0-0-14 CRON[4598]: (root) CMD (   cd / && run-parts --report /etc/cron.hourly)
Oct 29 07:36:10 ip-10-0-0-14 dhclient[1068]: DHCPREQUEST of 10.0.2.244 on eth1 to 10.0.2.1 port 67 (xid=0x4c6113aa)
Oct 29 07:36:10 ip-10-0-0-14 dhclient[1068]: DHCPACK of 10.0.2.244 from 10.0.2.1
Oct 29 07:36:10 ip-10-0-0-14 dhclient[1068]: bound to 10.0.2.244 -- renewal in 1671 seconds.
Oct 29 07:37:24 ip-10-0-0-14 dhclient[1069]: DHCPREQUEST of 10.0.0.14 on eth0 to 10.0.0.1 port 67 (xid=0x34daf461)
Oct 29 07:37:24 ip-10-0-0-14 dhclient[1069]: DHCPACK of 10.0.0.14 from 10.0.0.1
Oct 29 07:37:24 ip-10-0-0-14 dhclient[1069]: bound to 10.0.0.14 -- renewal in 1544 seconds.
Oct 29 07:39:01 ip-10-0-0-14 CRON[4625]: (root) CMD (  [ -x /usr/lib/php/sessionclean ] && /usr/lib/php/sessionclean)
Oct 29 08:03:08 ip-10-0-0-14 dhclient[1069]: DHCPREQUEST of 10.0.0.14 on eth0 to 10.0.0.1 port 67 (xid=0x34daf461)
Oct 29 08:03:08 ip-10-0-0-14 dhclient[1069]: DHCPACK of 10.0.0.14 from 10.0.0.1
Oct 29 08:03:08 ip-10-0-0-14 dhclient[1069]: bound to 10.0.0.14 -- renewal in 1503 seconds.
Oct 29 08:04:01 ip-10-0-0-14 dhclient[1068]: DHCPREQUEST of 10.0.2.244 on eth1 to 10.0.2.1 port 67 (xid=0x4c6113aa)
Oct 29 08:04:04 ip-10-0-0-14 dhclient[1068]: DHCPREQUEST of 10.0.2.244 on eth1 to 10.0.2.1 port 67 (xid=0x4c6113aa)
Oct 29 08:04:04 ip-10-0-0-14 dhclient[1068]: DHCPACK of 10.0.2.244 from 10.0.2.1
Oct 29 08:04:04 ip-10-0-0-14 dhclient[1068]: bound to 10.0.2.244 -- renewal in 1578 seconds.
Oct 29 08:09:01 ip-10-0-0-14 CRON[4690]: (root) CMD (  [ -x /usr/lib/php/sessionclean ] && /usr/lib/php/sessionclean)
Oct 29 08:17:01 ip-10-0-0-14 CRON[4732]: (root) CMD (   cd / && run-parts --report /etc/cron.hourly)
Oct 29 08:28:11 ip-10-0-0-14 dhclient[1069]: DHCPREQUEST of 10.0.0.14 on eth0 to 10.0.0.1 port 67 (xid=0x34daf461)
Oct 29 08:28:11 ip-10-0-0-14 dhclient[1069]: DHCPACK of 10.0.0.14 from 10.0.0.1
Oct 29 08:28:11 ip-10-0-0-14 dhclient[1069]: bound to 10.0.0.14 -- renewal in 1748 seconds.
Oct 29 08:30:22 ip-10-0-0-14 dhclient[1068]: DHCPREQUEST of 10.0.2.244 on eth1 to 10.0.2.1 port 67 (xid=0x4c6113aa)
Oct 29 08:30:22 ip-10-0-0-14 dhclient[1068]: DHCPACK of 10.0.2.244 from 10.0.2.1
Oct 29 08:30:22 ip-10-0-0-14 dhclient[1068]: bound to 10.0.2.244 -- renewal in 1498 seconds.
Oct 29 08:39:01 ip-10-0-0-14 CRON[4759]: (root) CMD (  [ -x /usr/lib/php/sessionclean ] && /usr/lib/php/sessionclean)
Oct 29 08:55:21 ip-10-0-0-14 dhclient[1068]: DHCPREQUEST of 10.0.2.244 on eth1 to 10.0.2.1 port 67 (xid=0x4c6113aa)
Oct 29 08:55:21 ip-10-0-0-14 dhclient[1068]: DHCPACK of 10.0.2.244 from 10.0.2.1
Oct 29 08:55:21 ip-10-0-0-14 dhclient[1068]: bound to 10.0.2.244 -- renewal in 1745 seconds.
Oct 29 08:57:19 ip-10-0-0-14 dhclient[1069]: DHCPREQUEST of 10.0.0.14 on eth0 to 10.0.0.1 port 67 (xid=0x34daf461)
Oct 29 08:57:19 ip-10-0-0-14 dhclient[1069]: DHCPACK of 10.0.0.14 from 10.0.0.1
Oct 29 08:57:19 ip-10-0-0-14 dhclient[1069]: bound to 10.0.0.14 -- renewal in 1583 seconds.
Oct 29 09:09:01 ip-10-0-0-14 CRON[4824]: (root) CMD (  [ -x /usr/lib/php/sessionclean ] && /usr/lib/php/sessionclean)
Oct 29 09:17:01 ip-10-0-0-14 CRON[4866]: (root) CMD (   cd / && run-parts --report /etc/cron.hourly)
Oct 29 09:23:42 ip-10-0-0-14 dhclient[1069]: DHCPREQUEST of 10.0.0.14 on eth0 to 10.0.0.1 port 67 (xid=0x34daf461)
Oct 29 09:23:42 ip-10-0-0-14 dhclient[1069]: DHCPACK of 10.0.0.14 from 10.0.0.1
Oct 29 09:23:42 ip-10-0-0-14 dhclient[1069]: bound to 10.0.0.14 -- renewal in 1434 seconds.
Oct 29 09:24:26 ip-10-0-0-14 dhclient[1068]: DHCPREQUEST of 10.0.2.244 on eth1 to 10.0.2.1 port 67 (xid=0x4c6113aa)
Oct 29 09:24:29 ip-10-0-0-14 dhclient[1068]: DHCPREQUEST of 10.0.2.244 on eth1 to 10.0.2.1 port 67 (xid=0x4c6113aa)
Oct 29 09:24:29 ip-10-0-0-14 dhclient[1068]: DHCPACK of 10.0.2.244 from 10.0.2.1
Oct 29 09:24:29 ip-10-0-0-14 dhclient[1068]: bound to 10.0.2.244 -- renewal in 1437 seconds.
Oct 29 09:39:01 ip-10-0-0-14 CRON[4892]: (root) CMD (  [ -x /usr/lib/php/sessionclean ] && /usr/lib/php/sessionclean)
Oct 29 09:47:37 ip-10-0-0-14 dhclient[1069]: DHCPREQUEST of 10.0.0.14 on eth0 to 10.0.0.1 port 67 (xid=0x34daf461)
Oct 29 09:47:37 ip-10-0-0-14 dhclient[1069]: DHCPACK of 10.0.0.14 from 10.0.0.1
Oct 29 09:47:37 ip-10-0-0-14 dhclient[1069]: bound to 10.0.0.14 -- renewal in 1647 seconds.
Oct 29 09:48:26 ip-10-0-0-14 dhclient[1068]: DHCPREQUEST of 10.0.2.244 on eth1 to 10.0.2.1 port 67 (xid=0x4c6113aa)
Oct 29 09:48:26 ip-10-0-0-14 dhclient[1068]: DHCPACK of 10.0.2.244 from 10.0.2.1
Oct 29 09:48:26 ip-10-0-0-14 dhclient[1068]: bound to 10.0.2.244 -- renewal in 1464 seconds.
Oct 29 10:09:01 ip-10-0-0-14 CRON[4957]: (root) CMD (  [ -x /usr/lib/php/sessionclean ] && /usr/lib/php/sessionclean)
Oct 29 10:12:50 ip-10-0-0-14 dhclient[1068]: DHCPREQUEST of 10.0.2.244 on eth1 to 10.0.2.1 port 67 (xid=0x4c6113aa)
Oct 29 10:12:50 ip-10-0-0-14 dhclient[1068]: DHCPACK of 10.0.2.244 from 10.0.2.1
Oct 29 10:12:50 ip-10-0-0-14 dhclient[1068]: bound to 10.0.2.244 -- renewal in 1676 seconds.
Oct 29 10:15:04 ip-10-0-0-14 dhclient[1069]: DHCPREQUEST of 10.0.0.14 on eth0 to 10.0.0.1 port 67 (xid=0x34daf461)
Oct 29 10:15:04 ip-10-0-0-14 dhclient[1069]: DHCPACK of 10.0.0.14 from 10.0.0.1
Oct 29 10:15:04 ip-10-0-0-14 dhclient[1069]: bound to 10.0.0.14 -- renewal in 1358 seconds.
Oct 29 10:17:01 ip-10-0-0-14 CRON[5022]: (root) CMD (   cd / && run-parts --report /etc/cron.hourly)
Oct 29 10:37:42 ip-10-0-0-14 dhclient[1069]: DHCPREQUEST of 10.0.0.14 on eth0 to 10.0.0.1 port 67 (xid=0x34daf461)
Oct 29 10:37:42 ip-10-0-0-14 dhclient[1069]: DHCPACK of 10.0.0.14 from 10.0.0.1
Oct 29 10:37:42 ip-10-0-0-14 dhclient[1069]: bound to 10.0.0.14 -- renewal in 1669 seconds.
Oct 29 10:39:01 ip-10-0-0-14 CRON[5037]: (root) CMD (  [ -x /usr/lib/php/sessionclean ] && /usr/lib/php/sessionclean)
Oct 29 10:40:46 ip-10-0-0-14 dhclient[1068]: DHCPREQUEST of 10.0.2.244 on eth1 to 10.0.2.1 port 67 (xid=0x4c6113aa)
Oct 29 10:40:46 ip-10-0-0-14 dhclient[1068]: DHCPACK of 10.0.2.244 from 10.0.2.1
Oct 29 10:40:46 ip-10-0-0-14 dhclient[1068]: bound to 10.0.2.244 -- renewal in 1788 seconds.
Oct 29 11:05:31 ip-10-0-0-14 dhclient[1069]: DHCPREQUEST of 10.0.0.14 on eth0 to 10.0.0.1 port 67 (xid=0x34daf461)
Oct 29 11:05:31 ip-10-0-0-14 dhclient[1069]: DHCPACK of 10.0.0.14 from 10.0.0.1
Oct 29 11:05:31 ip-10-0-0-14 dhclient[1069]: bound to 10.0.0.14 -- renewal in 1790 seconds.
Oct 29 11:09:01 ip-10-0-0-14 CRON[5102]: (root) CMD (  [ -x /usr/lib/php/sessionclean ] && /usr/lib/php/sessionclean)
Oct 29 11:10:34 ip-10-0-0-14 dhclient[1068]: DHCPREQUEST of 10.0.2.244 on eth1 to 10.0.2.1 port 67 (xid=0x4c6113aa)
Oct 29 11:10:34 ip-10-0-0-14 dhclient[1068]: DHCPACK of 10.0.2.244 from 10.0.2.1
Oct 29 11:10:34 ip-10-0-0-14 dhclient[1068]: bound to 10.0.2.244 -- renewal in 1752 seconds.
Oct 29 11:17:01 ip-10-0-0-14 CRON[5155]: (root) CMD (   cd / && run-parts --report /etc/cron.hourly)
Oct 29 11:35:21 ip-10-0-0-14 dhclient[1069]: DHCPREQUEST of 10.0.0.14 on eth0 to 10.0.0.1 port 67 (xid=0x34daf461)
Oct 29 11:35:21 ip-10-0-0-14 dhclient[1069]: DHCPACK of 10.0.0.14 from 10.0.0.1
Oct 29 11:35:21 ip-10-0-0-14 dhclient[1069]: bound to 10.0.0.14 -- renewal in 1596 seconds.
Oct 29 11:39:01 ip-10-0-0-14 CRON[5170]: (root) CMD (  [ -x /usr/lib/php/sessionclean ] && /usr/lib/php/sessionclean)
Oct 29 11:39:46 ip-10-0-0-14 dhclient[1068]: DHCPREQUEST of 10.0.2.244 on eth1 to 10.0.2.1 port 67 (xid=0x4c6113aa)
Oct 29 11:39:46 ip-10-0-0-14 dhclient[1068]: DHCPACK of 10.0.2.244 from 10.0.2.1
Oct 29 11:39:46 ip-10-0-0-14 dhclient[1068]: bound to 10.0.2.244 -- renewal in 1621 seconds.
Oct 29 12:01:57 ip-10-0-0-14 dhclient[1069]: DHCPREQUEST of 10.0.0.14 on eth0 to 10.0.0.1 port 67 (xid=0x34daf461)
Oct 29 12:01:57 ip-10-0-0-14 dhclient[1069]: DHCPACK of 10.0.0.14 from 10.0.0.1
Oct 29 12:01:57 ip-10-0-0-14 dhclient[1069]: bound to 10.0.0.14 -- renewal in 1562 seconds.
Oct 29 12:06:47 ip-10-0-0-14 dhclient[1068]: DHCPREQUEST of 10.0.2.244 on eth1 to 10.0.2.1 port 67 (xid=0x4c6113aa)
Oct 29 12:06:47 ip-10-0-0-14 dhclient[1068]: DHCPACK of 10.0.2.244 from 10.0.2.1
Oct 29 12:06:47 ip-10-0-0-14 dhclient[1068]: bound to 10.0.2.244 -- renewal in 1773 seconds.
Oct 29 12:09:01 ip-10-0-0-14 CRON[5246]: (root) CMD (  [ -x /usr/lib/php/sessionclean ] && /usr/lib/php/sessionclean)
Oct 29 12:17:01 ip-10-0-0-14 CRON[5288]: (root) CMD (   cd / && run-parts --report /etc/cron.hourly)
Oct 29 12:27:59 ip-10-0-0-14 dhclient[1069]: DHCPREQUEST of 10.0.0.14 on eth0 to 10.0.0.1 port 67 (xid=0x34daf461)
Oct 29 12:27:59 ip-10-0-0-14 dhclient[1069]: DHCPACK of 10.0.0.14 from 10.0.0.1
Oct 29 12:27:59 ip-10-0-0-14 dhclient[1069]: bound to 10.0.0.14 -- renewal in 1597 seconds.
Oct 29 12:36:20 ip-10-0-0-14 dhclient[1068]: DHCPREQUEST of 10.0.2.244 on eth1 to 10.0.2.1 port 67 (xid=0x4c6113aa)
Oct 29 12:36:20 ip-10-0-0-14 dhclient[1068]: DHCPACK of 10.0.2.244 from 10.0.2.1
Oct 29 12:36:20 ip-10-0-0-14 dhclient[1068]: bound to 10.0.2.244 -- renewal in 1498 seconds.
Oct 29 12:39:01 ip-10-0-0-14 CRON[5314]: (root) CMD (  [ -x /usr/lib/php/sessionclean ] && /usr/lib/php/sessionclean)
Oct 29 12:48:59 ip-10-0-0-14 systemd[1]: Starting Automatically fetch and run repair assertions...
Oct 29 12:48:59 ip-10-0-0-14 snap-repair[5356]: error: cannot use snap-repair on a classic system
Oct 29 12:48:59 ip-10-0-0-14 systemd[1]: Started Automatically fetch and run repair assertions.
Oct 29 12:54:36 ip-10-0-0-14 dhclient[1069]: DHCPREQUEST of 10.0.0.14 on eth0 to 10.0.0.1 port 67 (xid=0x34daf461)
Oct 29 12:54:36 ip-10-0-0-14 dhclient[1069]: DHCPACK of 10.0.0.14 from 10.0.0.1
Oct 29 12:54:36 ip-10-0-0-14 dhclient[1069]: bound to 10.0.0.14 -- renewal in 1791 seconds.
Oct 29 13:01:18 ip-10-0-0-14 dhclient[1068]: DHCPREQUEST of 10.0.2.244 on eth1 to 10.0.2.1 port 67 (xid=0x4c6113aa)
Oct 29 13:01:18 ip-10-0-0-14 dhclient[1068]: DHCPACK of 10.0.2.244 from 10.0.2.1
Oct 29 13:01:18 ip-10-0-0-14 dhclient[1068]: bound to 10.0.2.244 -- renewal in 1764 seconds.
Oct 29 13:09:01 ip-10-0-0-14 CRON[5387]: (root) CMD (  [ -x /usr/lib/php/sessionclean ] && /usr/lib/php/sessionclean)
Oct 29 13:17:01 ip-10-0-0-14 CRON[5429]: (root) CMD (   cd / && run-parts --report /etc/cron.hourly)
Oct 29 13:24:27 ip-10-0-0-14 dhclient[1069]: DHCPREQUEST of 10.0.0.14 on eth0 to 10.0.0.1 port 67 (xid=0x34daf461)
Oct 29 13:24:27 ip-10-0-0-14 dhclient[1069]: DHCPACK of 10.0.0.14 from 10.0.0.1
Oct 29 13:24:27 ip-10-0-0-14 dhclient[1069]: bound to 10.0.0.14 -- renewal in 1540 seconds.
Oct 29 13:30:43 ip-10-0-0-14 dhclient[1068]: DHCPREQUEST of 10.0.2.244 on eth1 to 10.0.2.1 port 67 (xid=0x4c6113aa)
Oct 29 13:30:43 ip-10-0-0-14 dhclient[1068]: DHCPACK of 10.0.2.244 from 10.0.2.1
Oct 29 13:30:43 ip-10-0-0-14 dhclient[1068]: bound to 10.0.2.244 -- renewal in 1514 seconds.
Oct 29 13:39:01 ip-10-0-0-14 CRON[5455]: (root) CMD (  [ -x /usr/lib/php/sessionclean ] && /usr/lib/php/sessionclean)
Oct 29 13:48:01 ip-10-0-0-14 CRON[5497]: (root) CMD (   test -x /etc/cron.daily/popularity-contest && /etc/cron.daily/popularity-contest --crond)
Oct 29 13:50:07 ip-10-0-0-14 dhclient[1069]: DHCPREQUEST of 10.0.0.14 on eth0 to 10.0.0.1 port 67 (xid=0x34daf461)
Oct 29 13:50:07 ip-10-0-0-14 dhclient[1069]: DHCPACK of 10.0.0.14 from 10.0.0.1
Oct 29 13:50:07 ip-10-0-0-14 dhclient[1069]: bound to 10.0.0.14 -- renewal in 1398 seconds.
Oct 29 13:55:57 ip-10-0-0-14 dhclient[1068]: DHCPREQUEST of 10.0.2.244 on eth1 to 10.0.2.1 port 67 (xid=0x4c6113aa)
Oct 29 13:55:57 ip-10-0-0-14 dhclient[1068]: DHCPACK of 10.0.2.244 from 10.0.2.1
Oct 29 13:55:57 ip-10-0-0-14 dhclient[1068]: bound to 10.0.2.244 -- renewal in 1517 seconds.
Oct 29 14:01:09 ip-10-0-0-14 snapd[1334]: 2017/10/29 14:01:09.535165 snapmgr.go:429: No snaps to auto-refresh found
Oct 29 14:09:01 ip-10-0-0-14 CRON[5523]: (root) CMD (  [ -x /usr/lib/php/sessionclean ] && /usr/lib/php/sessionclean)
Oct 29 14:13:26 ip-10-0-0-14 dhclient[1069]: DHCPREQUEST of 10.0.0.14 on eth0 to 10.0.0.1 port 67 (xid=0x34daf461)
Oct 29 14:13:26 ip-10-0-0-14 dhclient[1069]: DHCPACK of 10.0.0.14 from 10.0.0.1
Oct 29 14:13:26 ip-10-0-0-14 dhclient[1069]: bound to 10.0.0.14 -- renewal in 1509 seconds.
Oct 29 14:17:01 ip-10-0-0-14 CRON[5577]: (root) CMD (   cd / && run-parts --report /etc/cron.hourly)
Oct 29 14:21:14 ip-10-0-0-14 dhclient[1068]: DHCPREQUEST of 10.0.2.244 on eth1 to 10.0.2.1 port 67 (xid=0x4c6113aa)
Oct 29 14:21:14 ip-10-0-0-14 dhclient[1068]: DHCPACK of 10.0.2.244 from 10.0.2.1
Oct 29 14:21:14 ip-10-0-0-14 dhclient[1068]: bound to 10.0.2.244 -- renewal in 1451 seconds.
Oct 29 14:38:35 ip-10-0-0-14 dhclient[1069]: DHCPREQUEST of 10.0.0.14 on eth0 to 10.0.0.1 port 67 (xid=0x34daf461)
Oct 29 14:38:35 ip-10-0-0-14 dhclient[1069]: DHCPACK of 10.0.0.14 from 10.0.0.1
Oct 29 14:38:35 ip-10-0-0-14 dhclient[1069]: bound to 10.0.0.14 -- renewal in 1725 seconds.
Oct 29 14:39:01 ip-10-0-0-14 CRON[5603]: (root) CMD (  [ -x /usr/lib/php/sessionclean ] && /usr/lib/php/sessionclean)
Oct 29 14:45:25 ip-10-0-0-14 dhclient[1068]: DHCPREQUEST of 10.0.2.244 on eth1 to 10.0.2.1 port 67 (xid=0x4c6113aa)
Oct 29 14:45:31 ip-10-0-0-14 dhclient[1068]: message repeated 2 times: [ DHCPREQUEST of 10.0.2.244 on eth1 to 10.0.2.1 port 67 (xid=0x4c6113aa)]
Oct 29 14:45:31 ip-10-0-0-14 dhclient[1068]: DHCPACK of 10.0.2.244 from 10.0.2.1
Oct 29 14:45:31 ip-10-0-0-14 dhclient[1068]: bound to 10.0.2.244 -- renewal in 1409 seconds.
Oct 29 15:07:20 ip-10-0-0-14 dhclient[1069]: DHCPREQUEST of 10.0.0.14 on eth0 to 10.0.0.1 port 67 (xid=0x34daf461)
Oct 29 15:07:20 ip-10-0-0-14 dhclient[1069]: DHCPACK of 10.0.0.14 from 10.0.0.1
Oct 29 15:07:20 ip-10-0-0-14 dhclient[1069]: bound to 10.0.0.14 -- renewal in 1662 seconds.
Oct 29 15:09:00 ip-10-0-0-14 dhclient[1068]: DHCPREQUEST of 10.0.2.244 on eth1 to 10.0.2.1 port 67 (xid=0x4c6113aa)
Oct 29 15:09:00 ip-10-0-0-14 dhclient[1068]: DHCPACK of 10.0.2.244 from 10.0.2.1
Oct 29 15:09:00 ip-10-0-0-14 dhclient[1068]: bound to 10.0.2.244 -- renewal in 1359 seconds.
Oct 29 15:09:01 ip-10-0-0-14 CRON[5679]: (root) CMD (  [ -x /usr/lib/php/sessionclean ] && /usr/lib/php/sessionclean)
Oct 29 15:17:01 ip-10-0-0-14 CRON[5721]: (root) CMD (   cd / && run-parts --report /etc/cron.hourly)
Oct 29 15:31:39 ip-10-0-0-14 dhclient[1068]: DHCPREQUEST of 10.0.2.244 on eth1 to 10.0.2.1 port 67 (xid=0x4c6113aa)
Oct 29 15:31:39 ip-10-0-0-14 dhclient[1068]: DHCPACK of 10.0.2.244 from 10.0.2.1
Oct 29 15:31:39 ip-10-0-0-14 dhclient[1068]: bound to 10.0.2.244 -- renewal in 1613 seconds.
Oct 29 15:35:02 ip-10-0-0-14 dhclient[1069]: DHCPREQUEST of 10.0.0.14 on eth0 to 10.0.0.1 port 67 (xid=0x34daf461)
Oct 29 15:35:02 ip-10-0-0-14 dhclient[1069]: DHCPACK of 10.0.0.14 from 10.0.0.1
Oct 29 15:35:02 ip-10-0-0-14 dhclient[1069]: bound to 10.0.0.14 -- renewal in 1422 seconds.
Oct 29 15:39:01 ip-10-0-0-14 CRON[5747]: (root) CMD (  [ -x /usr/lib/php/sessionclean ] && /usr/lib/php/sessionclean)
Oct 29 15:47:59 ip-10-0-0-14 systemd[1]: Starting Daily apt download activities...
Oct 29 15:48:04 ip-10-0-0-14 systemd[1]: Started Daily apt download activities.
Oct 29 15:58:32 ip-10-0-0-14 dhclient[1068]: DHCPREQUEST of 10.0.2.244 on eth1 to 10.0.2.1 port 67 (xid=0x4c6113aa)
Oct 29 15:58:32 ip-10-0-0-14 dhclient[1068]: DHCPACK of 10.0.2.244 from 10.0.2.1
Oct 29 15:58:32 ip-10-0-0-14 dhclient[1068]: bound to 10.0.2.244 -- renewal in 1585 seconds.
Oct 29 15:58:44 ip-10-0-0-14 dhclient[1069]: DHCPREQUEST of 10.0.0.14 on eth0 to 10.0.0.1 port 67 (xid=0x34daf461)
Oct 29 15:58:44 ip-10-0-0-14 dhclient[1069]: DHCPACK of 10.0.0.14 from 10.0.0.1
Oct 29 15:58:44 ip-10-0-0-14 dhclient[1069]: bound to 10.0.0.14 -- renewal in 1571 seconds.
Oct 29 16:09:01 ip-10-0-0-14 CRON[6080]: (root) CMD (  [ -x /usr/lib/php/sessionclean ] && /usr/lib/php/sessionclean)
Oct 29 16:17:01 ip-10-0-0-14 CRON[6122]: (root) CMD (   cd / && run-parts --report /etc/cron.hourly)
Oct 29 16:24:55 ip-10-0-0-14 dhclient[1069]: DHCPREQUEST of 10.0.0.14 on eth0 to 10.0.0.1 port 67 (xid=0x34daf461)
Oct 29 16:24:55 ip-10-0-0-14 dhclient[1069]: DHCPACK of 10.0.0.14 from 10.0.0.1
Oct 29 16:24:55 ip-10-0-0-14 dhclient[1069]: bound to 10.0.0.14 -- renewal in 1700 seconds.
Oct 29 16:24:57 ip-10-0-0-14 dhclient[1068]: DHCPREQUEST of 10.0.2.244 on eth1 to 10.0.2.1 port 67 (xid=0x4c6113aa)
Oct 29 16:24:57 ip-10-0-0-14 dhclient[1068]: DHCPACK of 10.0.2.244 from 10.0.2.1
Oct 29 16:24:57 ip-10-0-0-14 dhclient[1068]: bound to 10.0.2.244 -- renewal in 1731 seconds.
Oct 29 16:39:01 ip-10-0-0-14 CRON[6148]: (root) CMD (  [ -x /usr/lib/php/sessionclean ] && /usr/lib/php/sessionclean)
Oct 29 16:53:16 ip-10-0-0-14 dhclient[1069]: DHCPREQUEST of 10.0.0.14 on eth0 to 10.0.0.1 port 67 (xid=0x34daf461)
Oct 29 16:53:16 ip-10-0-0-14 dhclient[1069]: DHCPACK of 10.0.0.14 from 10.0.0.1
Oct 29 16:53:16 ip-10-0-0-14 dhclient[1069]: bound to 10.0.0.14 -- renewal in 1426 seconds.
Oct 29 16:53:48 ip-10-0-0-14 dhclient[1068]: DHCPREQUEST of 10.0.2.244 on eth1 to 10.0.2.1 port 67 (xid=0x4c6113aa)
Oct 29 16:53:48 ip-10-0-0-14 dhclient[1068]: DHCPACK of 10.0.2.244 from 10.0.2.1
Oct 29 16:53:48 ip-10-0-0-14 dhclient[1068]: bound to 10.0.2.244 -- renewal in 1678 seconds.
Oct 29 17:09:01 ip-10-0-0-14 CRON[6213]: (root) CMD (  [ -x /usr/lib/php/sessionclean ] && /usr/lib/php/sessionclean)
Oct 29 17:17:01 ip-10-0-0-14 CRON[6255]: (root) CMD (   cd / && run-parts --report /etc/cron.hourly)
Oct 29 17:17:02 ip-10-0-0-14 dhclient[1069]: DHCPREQUEST of 10.0.0.14 on eth0 to 10.0.0.1 port 67 (xid=0x34daf461)
Oct 29 17:17:02 ip-10-0-0-14 dhclient[1069]: DHCPACK of 10.0.0.14 from 10.0.0.1
Oct 29 17:17:02 ip-10-0-0-14 dhclient[1069]: bound to 10.0.0.14 -- renewal in 1725 seconds.
Oct 29 17:21:46 ip-10-0-0-14 dhclient[1068]: DHCPREQUEST of 10.0.2.244 on eth1 to 10.0.2.1 port 67 (xid=0x4c6113aa)
Oct 29 17:21:46 ip-10-0-0-14 dhclient[1068]: DHCPACK of 10.0.2.244 from 10.0.2.1
Oct 29 17:21:46 ip-10-0-0-14 dhclient[1068]: bound to 10.0.2.244 -- renewal in 1374 seconds.
Oct 29 17:33:55 ip-10-0-0-14 kernel: [84775.276742] device eth0 entered promiscuous mode
Oct 29 17:36:37 ip-10-0-0-14 kernel: [84936.561211] device eth0 left promiscuous mode
Oct 29 17:36:40 ip-10-0-0-14 kernel: [84939.702651] device eth0 entered promiscuous mode
Oct 29 17:39:01 ip-10-0-0-14 CRON[6289]: (root) CMD (  [ -x /usr/lib/php/sessionclean ] && /usr/lib/php/sessionclean)
Oct 29 17:44:40 ip-10-0-0-14 dhclient[1068]: DHCPREQUEST of 10.0.2.244 on eth1 to 10.0.2.1 port 67 (xid=0x4c6113aa)
Oct 29 17:44:40 ip-10-0-0-14 dhclient[1068]: DHCPACK of 10.0.2.244 from 10.0.2.1
Oct 29 17:44:40 ip-10-0-0-14 dhclient[1068]: bound to 10.0.2.244 -- renewal in 1524 seconds.
Oct 29 17:45:47 ip-10-0-0-14 dhclient[1069]: DHCPREQUEST of 10.0.0.14 on eth0 to 10.0.0.1 port 67 (xid=0x34daf461)
Oct 29 17:45:47 ip-10-0-0-14 dhclient[1069]: DHCPACK of 10.0.0.14 from 10.0.0.1
Oct 29 17:45:48 ip-10-0-0-14 dhclient[1069]: bound to 10.0.0.14 -- renewal in 1714 seconds.
Oct 29 18:09:01 ip-10-0-0-14 CRON[6357]: (root) CMD (  [ -x /usr/lib/php/sessionclean ] && /usr/lib/php/sessionclean)
Oct 29 18:10:04 ip-10-0-0-14 dhclient[1068]: DHCPREQUEST of 10.0.2.244 on eth1 to 10.0.2.1 port 67 (xid=0x4c6113aa)
Oct 29 18:10:04 ip-10-0-0-14 dhclient[1068]: DHCPACK of 10.0.2.244 from 10.0.2.1
Oct 29 18:10:04 ip-10-0-0-14 dhclient[1068]: bound to 10.0.2.244 -- renewal in 1624 seconds.
Oct 29 18:14:22 ip-10-0-0-14 dhclient[1069]: DHCPREQUEST of 10.0.0.14 on eth0 to 10.0.0.1 port 67 (xid=0x34daf461)
Oct 29 18:14:22 ip-10-0-0-14 dhclient[1069]: DHCPACK of 10.0.0.14 from 10.0.0.1
Oct 29 18:14:22 ip-10-0-0-14 dhclient[1069]: bound to 10.0.0.14 -- renewal in 1677 seconds.
Oct 29 18:16:43 ip-10-0-0-14 systemd[1]: Starting Cleanup of Temporary Directories...
Oct 29 18:16:43 ip-10-0-0-14 systemd-tmpfiles[6423]: [/usr/lib/tmpfiles.d/var.conf:14] Duplicate line for path "/var/log", ignoring.
Oct 29 18:16:43 ip-10-0-0-14 systemd[1]: Started Cleanup of Temporary Directories.
Oct 29 18:17:01 ip-10-0-0-14 CRON[6429]: (root) CMD (   cd / && run-parts --report /etc/cron.hourly)
Oct 29 18:20:19 ip-10-0-0-14 systemd[1]: Stopping OpenBSD Secure Shell server...
Oct 29 18:20:19 ip-10-0-0-14 systemd[1]: Stopped OpenBSD Secure Shell server.
Oct 29 18:20:19 ip-10-0-0-14 systemd[1]: Starting OpenBSD Secure Shell server...
Oct 29 18:20:19 ip-10-0-0-14 systemd[1]: Started OpenBSD Secure Shell server.
Oct 29 18:20:45 ip-10-0-0-14 systemd[1]: Created slice User Slice of bob.
Oct 29 18:20:45 ip-10-0-0-14 systemd[1]: Starting User Manager for UID 1002...
Oct 29 18:20:45 ip-10-0-0-14 systemd[1]: Started Session 81 of user bob.
Oct 29 18:20:45 ip-10-0-0-14 systemd[6559]: Reached target Timers.
Oct 29 18:20:45 ip-10-0-0-14 systemd[6559]: Reached target Paths.
Oct 29 18:20:45 ip-10-0-0-14 systemd[6559]: Reached target Sockets.
Oct 29 18:20:45 ip-10-0-0-14 systemd[6559]: Reached target Basic System.
Oct 29 18:20:45 ip-10-0-0-14 systemd[6559]: Reached target Default.
Oct 29 18:20:45 ip-10-0-0-14 systemd[6559]: Startup finished in 16ms.
Oct 29 18:20:45 ip-10-0-0-14 systemd[1]: Started User Manager for UID 1002.
Oct 29 18:24:33 ip-10-0-0-14 systemd[1]: Stopping User Manager for UID 1002...
Oct 29 18:24:33 ip-10-0-0-14 systemd[6559]: Stopped target Default.
Oct 29 18:24:33 ip-10-0-0-14 systemd[6559]: Reached target Shutdown.
Oct 29 18:24:33 ip-10-0-0-14 systemd[6559]: Starting Exit the Session...
Oct 29 18:24:33 ip-10-0-0-14 systemd[6559]: Stopped target Basic System.
Oct 29 18:24:33 ip-10-0-0-14 systemd[6559]: Stopped target Paths.
Oct 29 18:24:33 ip-10-0-0-14 systemd[6559]: Stopped target Timers.
Oct 29 18:24:33 ip-10-0-0-14 systemd[6559]: Stopped target Sockets.
Oct 29 18:24:33 ip-10-0-0-14 systemd[6559]: Received SIGRTMIN+24 from PID 6640 (kill).
Oct 29 18:24:33 ip-10-0-0-14 systemd[1]: Stopped User Manager for UID 1002.
Oct 29 18:24:33 ip-10-0-0-14 systemd[1]: Removed slice User Slice of bob.
Oct 29 18:24:43 ip-10-0-0-14 systemd[1]: Created slice User Slice of bob.
Oct 29 18:24:43 ip-10-0-0-14 systemd[1]: Starting User Manager for UID 1002...
Oct 29 18:24:43 ip-10-0-0-14 systemd[1]: Started Session 82 of user bob.
Oct 29 18:24:43 ip-10-0-0-14 systemd[6648]: Reached target Timers.
Oct 29 18:24:43 ip-10-0-0-14 systemd[6648]: Reached target Paths.
Oct 29 18:24:43 ip-10-0-0-14 systemd[6648]: Reached target Sockets.
Oct 29 18:24:43 ip-10-0-0-14 systemd[6648]: Reached target Basic System.
Oct 29 18:24:43 ip-10-0-0-14 systemd[6648]: Reached target Default.
Oct 29 18:24:43 ip-10-0-0-14 systemd[6648]: Startup finished in 18ms.
Oct 29 18:24:43 ip-10-0-0-14 systemd[1]: Started User Manager for UID 1002.
Oct 29 18:25:28 ip-10-0-0-14 systemd[1]: Stopping User Manager for UID 1002...
Oct 29 18:25:28 ip-10-0-0-14 systemd[6648]: Reached target Shutdown.
Oct 29 18:25:28 ip-10-0-0-14 systemd[6648]: Starting Exit the Session...
Oct 29 18:25:28 ip-10-0-0-14 systemd[6648]: Stopped target Default.
Oct 29 18:25:28 ip-10-0-0-14 systemd[6648]: Stopped target Basic System.
Oct 29 18:25:28 ip-10-0-0-14 systemd[6648]: Stopped target Sockets.
Oct 29 18:25:28 ip-10-0-0-14 systemd[6648]: Stopped target Paths.
Oct 29 18:25:28 ip-10-0-0-14 systemd[6648]: Stopped target Timers.
Oct 29 18:25:28 ip-10-0-0-14 systemd[6648]: Received SIGRTMIN+24 from PID 6695 (kill).
Oct 29 18:25:28 ip-10-0-0-14 systemd[1]: Stopped User Manager for UID 1002.
Oct 29 18:25:28 ip-10-0-0-14 systemd[1]: Removed slice User Slice of bob.
Oct 29 18:25:34 ip-10-0-0-14 systemd[1]: Created slice User Slice of bob.
Oct 29 18:25:34 ip-10-0-0-14 systemd[1]: Starting User Manager for UID 1002...
Oct 29 18:25:34 ip-10-0-0-14 systemd[1]: Started Session 83 of user bob.
Oct 29 18:25:34 ip-10-0-0-14 systemd[6702]: Reached target Paths.
Oct 29 18:25:34 ip-10-0-0-14 systemd[6702]: Reached target Timers.
Oct 29 18:25:34 ip-10-0-0-14 systemd[6702]: Reached target Sockets.
Oct 29 18:25:34 ip-10-0-0-14 systemd[6702]: Reached target Basic System.
Oct 29 18:25:34 ip-10-0-0-14 systemd[6702]: Reached target Default.
Oct 29 18:25:34 ip-10-0-0-14 systemd[6702]: Startup finished in 18ms.
Oct 29 18:25:34 ip-10-0-0-14 systemd[1]: Started User Manager for UID 1002.
Oct 29 18:26:53 ip-10-0-0-14 systemd[1]: Stopping User Manager for UID 1002...
Oct 29 18:26:53 ip-10-0-0-14 systemd[6702]: Stopped target Default.
Oct 29 18:26:53 ip-10-0-0-14 systemd[6702]: Stopped target Basic System.
Oct 29 18:26:53 ip-10-0-0-14 systemd[6702]: Stopped target Timers.
Oct 29 18:26:53 ip-10-0-0-14 systemd[6702]: Stopped target Sockets.
Oct 29 18:26:53 ip-10-0-0-14 systemd[6702]: Reached target Shutdown.
Oct 29 18:26:53 ip-10-0-0-14 systemd[6702]: Starting Exit the Session...
Oct 29 18:26:53 ip-10-0-0-14 systemd[6702]: Stopped target Paths.
Oct 29 18:26:53 ip-10-0-0-14 systemd[6702]: Received SIGRTMIN+24 from PID 6747 (kill).
Oct 29 18:26:53 ip-10-0-0-14 systemd[1]: Stopped User Manager for UID 1002.
Oct 29 18:26:53 ip-10-0-0-14 systemd[1]: Removed slice User Slice of bob.
Oct 29 18:27:03 ip-10-0-0-14 systemd[1]: Created slice User Slice of bob.
Oct 29 18:27:03 ip-10-0-0-14 systemd[1]: Starting User Manager for UID 1002...
Oct 29 18:27:03 ip-10-0-0-14 systemd[1]: Started Session 84 of user bob.
Oct 29 18:27:03 ip-10-0-0-14 systemd[6754]: Reached target Timers.
Oct 29 18:27:03 ip-10-0-0-14 systemd[6754]: Reached target Sockets.
Oct 29 18:27:03 ip-10-0-0-14 systemd[6754]: Reached target Paths.
Oct 29 18:27:03 ip-10-0-0-14 systemd[6754]: Reached target Basic System.
Oct 29 18:27:03 ip-10-0-0-14 systemd[6754]: Reached target Default.
Oct 29 18:27:03 ip-10-0-0-14 systemd[6754]: Startup finished in 18ms.
Oct 29 18:27:03 ip-10-0-0-14 systemd[1]: Started User Manager for UID 1002.
Oct 29 18:28:08 ip-10-0-0-14 systemd[1]: Stopping User Manager for UID 1002...
Oct 29 18:28:08 ip-10-0-0-14 systemd[6754]: Stopped target Default.
Oct 29 18:28:08 ip-10-0-0-14 systemd[6754]: Reached target Shutdown.
Oct 29 18:28:08 ip-10-0-0-14 systemd[6754]: Stopped target Basic System.
Oct 29 18:28:08 ip-10-0-0-14 systemd[6754]: Stopped target Paths.
Oct 29 18:28:08 ip-10-0-0-14 systemd[6754]: Stopped target Timers.
Oct 29 18:28:08 ip-10-0-0-14 systemd[6754]: Starting Exit the Session...
Oct 29 18:28:08 ip-10-0-0-14 systemd[6754]: Stopped target Sockets.
Oct 29 18:28:08 ip-10-0-0-14 systemd[6754]: Received SIGRTMIN+24 from PID 6797 (kill).
Oct 29 18:28:08 ip-10-0-0-14 systemd[1]: Stopped User Manager for UID 1002.
Oct 29 18:28:08 ip-10-0-0-14 systemd[1]: Removed slice User Slice of bob.
Oct 29 18:30:04 ip-10-0-0-14 systemd[1]: Created slice User Slice of bob.
Oct 29 18:30:04 ip-10-0-0-14 systemd[1]: Starting User Manager for UID 1002...
Oct 29 18:30:04 ip-10-0-0-14 systemd[1]: Started Session 85 of user bob.
Oct 29 18:30:04 ip-10-0-0-14 systemd[6805]: Reached target Paths.
Oct 29 18:30:04 ip-10-0-0-14 systemd[6805]: Reached target Timers.
Oct 29 18:30:04 ip-10-0-0-14 systemd[6805]: Reached target Sockets.
Oct 29 18:30:04 ip-10-0-0-14 systemd[6805]: Reached target Basic System.
Oct 29 18:30:04 ip-10-0-0-14 systemd[6805]: Reached target Default.
Oct 29 18:30:04 ip-10-0-0-14 systemd[6805]: Startup finished in 18ms.
Oct 29 18:30:04 ip-10-0-0-14 systemd[1]: Started User Manager for UID 1002.
Oct 29 18:33:04 ip-10-0-0-14 systemd[1]: Stopping User Manager for UID 1002...
Oct 29 18:33:04 ip-10-0-0-14 systemd[6805]: Reached target Shutdown.
Oct 29 18:33:04 ip-10-0-0-14 systemd[6805]: Starting Exit the Session...
Oct 29 18:33:04 ip-10-0-0-14 systemd[6805]: Stopped target Default.
Oct 29 18:33:04 ip-10-0-0-14 systemd[6805]: Stopped target Basic System.
Oct 29 18:33:04 ip-10-0-0-14 systemd[6805]: Stopped target Paths.
Oct 29 18:33:04 ip-10-0-0-14 systemd[6805]: Stopped target Sockets.
Oct 29 18:33:04 ip-10-0-0-14 systemd[6805]: Stopped target Timers.
Oct 29 18:33:04 ip-10-0-0-14 systemd[6805]: Received SIGRTMIN+24 from PID 6851 (kill).
Oct 29 18:33:04 ip-10-0-0-14 systemd[1]: Stopped User Manager for UID 1002.
Oct 29 18:33:04 ip-10-0-0-14 systemd[1]: Removed slice User Slice of bob.
Oct 29 18:33:21 ip-10-0-0-14 systemd[1]: Created slice User Slice of bob.
Oct 29 18:33:21 ip-10-0-0-14 systemd[1]: Starting User Manager for UID 1002...
Oct 29 18:33:21 ip-10-0-0-14 systemd[1]: Started Session 86 of user bob.
Oct 29 18:33:21 ip-10-0-0-14 systemd[6859]: Reached target Paths.
Oct 29 18:33:21 ip-10-0-0-14 systemd[6859]: Reached target Timers.
Oct 29 18:33:21 ip-10-0-0-14 systemd[6859]: Reached target Sockets.
Oct 29 18:33:21 ip-10-0-0-14 systemd[6859]: Reached target Basic System.
Oct 29 18:33:21 ip-10-0-0-14 systemd[6859]: Reached target Default.
Oct 29 18:33:21 ip-10-0-0-14 systemd[6859]: Startup finished in 21ms.
Oct 29 18:33:21 ip-10-0-0-14 systemd[1]: Started User Manager for UID 1002.
Oct 29 18:37:09 ip-10-0-0-14 dhclient[1068]: DHCPREQUEST of 10.0.2.244 on eth1 to 10.0.2.1 port 67 (xid=0x4c6113aa)
Oct 29 18:37:09 ip-10-0-0-14 dhclient[1068]: DHCPACK of 10.0.2.244 from 10.0.2.1
Oct 29 18:37:09 ip-10-0-0-14 dhclient[1068]: bound to 10.0.2.244 -- renewal in 1431 seconds.
Oct 29 18:39:01 ip-10-0-0-14 CRON[7170]: (root) CMD (  [ -x /usr/lib/php/sessionclean ] && /usr/lib/php/sessionclean)
Oct 29 18:42:19 ip-10-0-0-14 dhclient[1069]: DHCPREQUEST of 10.0.0.14 on eth0 to 10.0.0.1 port 67 (xid=0x34daf461)
Oct 29 18:42:19 ip-10-0-0-14 dhclient[1069]: DHCPACK of 10.0.0.14 from 10.0.0.1
Oct 29 18:42:19 ip-10-0-0-14 dhclient[1069]: bound to 10.0.0.14 -- renewal in 1534 seconds.
Oct 29 18:42:46 ip-10-0-0-14 systemd[1]: Started Session 88 of user bob.
Oct 29 18:44:48 ip-10-0-0-14 systemd[1]: Started Session 89 of user bob.
Oct 29 18:50:59 ip-10-0-0-14 systemd[1]: Starting Automatically fetch and run repair assertions...
Oct 29 18:50:59 ip-10-0-0-14 snap-repair[7304]: error: cannot use snap-repair on a classic system
Oct 29 18:50:59 ip-10-0-0-14 systemd[1]: Started Automatically fetch and run repair assertions.
Oct 29 19:01:00 ip-10-0-0-14 dhclient[1068]: DHCPREQUEST of 10.0.2.244 on eth1 to 10.0.2.1 port 67 (xid=0x4c6113aa)
Oct 29 19:01:00 ip-10-0-0-14 dhclient[1068]: DHCPACK of 10.0.2.244 from 10.0.2.1
Oct 29 19:01:00 ip-10-0-0-14 dhclient[1068]: bound to 10.0.2.244 -- renewal in 1473 seconds.
Oct 29 19:07:53 ip-10-0-0-14 dhclient[1069]: DHCPREQUEST of 10.0.0.14 on eth0 to 10.0.0.1 port 67 (xid=0x34daf461)
Oct 29 19:07:53 ip-10-0-0-14 dhclient[1069]: DHCPACK of 10.0.0.14 from 10.0.0.1
Oct 29 19:07:53 ip-10-0-0-14 dhclient[1069]: bound to 10.0.0.14 -- renewal in 1472 seconds.
Oct 29 19:08:26 ip-10-0-0-14 systemd[1]: Started Session 90 of user bob.
Oct 29 19:09:01 ip-10-0-0-14 CRON[7378]: (root) CMD (  [ -x /usr/lib/php/sessionclean ] && /usr/lib/php/sessionclean)
Oct 29 19:17:01 ip-10-0-0-14 CRON[7432]: (root) CMD (   cd / && run-parts --report /etc/cron.hourly)
Oct 29 19:25:33 ip-10-0-0-14 dhclient[1068]: DHCPREQUEST of 10.0.2.244 on eth1 to 10.0.2.1 port 67 (xid=0x4c6113aa)
Oct 29 19:25:33 ip-10-0-0-14 dhclient[1068]: DHCPACK of 10.0.2.244 from 10.0.2.1
Oct 29 19:25:33 ip-10-0-0-14 dhclient[1068]: bound to 10.0.2.244 -- renewal in 1436 seconds.
Oct 29 19:32:25 ip-10-0-0-14 dhclient[1069]: DHCPREQUEST of 10.0.0.14 on eth0 to 10.0.0.1 port 67 (xid=0x34daf461)
Oct 29 19:32:25 ip-10-0-0-14 dhclient[1069]: DHCPACK of 10.0.0.14 from 10.0.0.1
Oct 29 19:32:25 ip-10-0-0-14 dhclient[1069]: bound to 10.0.0.14 -- renewal in 1708 seconds.
Oct 29 19:39:01 ip-10-0-0-14 CRON[8065]: (root) CMD (  [ -x /usr/lib/php/sessionclean ] && /usr/lib/php/sessionclean)
Oct 29 19:49:29 ip-10-0-0-14 dhclient[1068]: DHCPREQUEST of 10.0.2.244 on eth1 to 10.0.2.1 port 67 (xid=0x4c6113aa)
Oct 29 19:49:29 ip-10-0-0-14 dhclient[1068]: DHCPACK of 10.0.2.244 from 10.0.2.1
Oct 29 19:49:29 ip-10-0-0-14 dhclient[1068]: bound to 10.0.2.244 -- renewal in 1699 seconds.
Oct 29 20:00:53 ip-10-0-0-14 dhclient[1069]: DHCPREQUEST of 10.0.0.14 on eth0 to 10.0.0.1 port 67 (xid=0x34daf461)
Oct 29 20:00:53 ip-10-0-0-14 dhclient[1069]: DHCPACK of 10.0.0.14 from 10.0.0.1
Oct 29 20:00:53 ip-10-0-0-14 dhclient[1069]: bound to 10.0.0.14 -- renewal in 1790 seconds.
Oct 29 20:09:01 ip-10-0-0-14 CRON[8130]: (root) CMD (  [ -x /usr/lib/php/sessionclean ] && /usr/lib/php/sessionclean)
Oct 29 20:17:01 ip-10-0-0-14 CRON[8172]: (root) CMD (   cd / && run-parts --report /etc/cron.hourly)
Oct 29 20:17:48 ip-10-0-0-14 dhclient[1068]: DHCPREQUEST of 10.0.2.244 on eth1 to 10.0.2.1 port 67 (xid=0x4c6113aa)
Oct 29 20:17:48 ip-10-0-0-14 dhclient[1068]: DHCPACK of 10.0.2.244 from 10.0.2.1
Oct 29 20:17:48 ip-10-0-0-14 dhclient[1068]: bound to 10.0.2.244 -- renewal in 1411 seconds.
Oct 29 20:30:43 ip-10-0-0-14 dhclient[1069]: DHCPREQUEST of 10.0.0.14 on eth0 to 10.0.0.1 port 67 (xid=0x34daf461)
Oct 29 20:30:43 ip-10-0-0-14 dhclient[1069]: DHCPACK of 10.0.0.14 from 10.0.0.1
Oct 29 20:30:43 ip-10-0-0-14 dhclient[1069]: bound to 10.0.0.14 -- renewal in 1487 seconds.
Oct 29 20:39:01 ip-10-0-0-14 CRON[8198]: (root) CMD (  [ -x /usr/lib/php/sessionclean ] && /usr/lib/php/sessionclean)
Oct 29 20:41:09 ip-10-0-0-14 snapd[1334]: 2017/10/29 20:41:09.535134 snapmgr.go:429: No snaps to auto-refresh found
Oct 29 20:41:19 ip-10-0-0-14 dhclient[1068]: DHCPREQUEST of 10.0.2.244 on eth1 to 10.0.2.1 port 67 (xid=0x4c6113aa)
Oct 29 20:41:19 ip-10-0-0-14 dhclient[1068]: DHCPACK of 10.0.2.244 from 10.0.2.1
Oct 29 20:41:19 ip-10-0-0-14 dhclient[1068]: bound to 10.0.2.244 -- renewal in 1716 seconds.
Oct 29 20:55:30 ip-10-0-0-14 dhclient[1069]: DHCPREQUEST of 10.0.0.14 on eth0 to 10.0.0.1 port 67 (xid=0x34daf461)
Oct 29 20:55:30 ip-10-0-0-14 dhclient[1069]: DHCPACK of 10.0.0.14 from 10.0.0.1
Oct 29 20:55:30 ip-10-0-0-14 dhclient[1069]: bound to 10.0.0.14 -- renewal in 1607 seconds.
Oct 29 21:09:01 ip-10-0-0-14 CRON[8263]: (root) CMD (  [ -x /usr/lib/php/sessionclean ] && /usr/lib/php/sessionclean)
Oct 29 21:09:55 ip-10-0-0-14 dhclient[1068]: DHCPREQUEST of 10.0.2.244 on eth1 to 10.0.2.1 port 67 (xid=0x4c6113aa)
Oct 29 21:09:55 ip-10-0-0-14 dhclient[1068]: DHCPACK of 10.0.2.244 from 10.0.2.1
Oct 29 21:09:55 ip-10-0-0-14 dhclient[1068]: bound to 10.0.2.244 -- renewal in 1395 seconds.
Oct 29 21:17:01 ip-10-0-0-14 CRON[8316]: (root) CMD (   cd / && run-parts --report /etc/cron.hourly)
Oct 29 21:22:17 ip-10-0-0-14 dhclient[1069]: DHCPREQUEST of 10.0.0.14 on eth0 to 10.0.0.1 port 67 (xid=0x34daf461)
Oct 29 21:22:17 ip-10-0-0-14 dhclient[1069]: DHCPACK of 10.0.0.14 from 10.0.0.1
Oct 29 21:22:17 ip-10-0-0-14 dhclient[1069]: bound to 10.0.0.14 -- renewal in 1443 seconds.
Oct 29 21:33:10 ip-10-0-0-14 dhclient[1068]: DHCPREQUEST of 10.0.2.244 on eth1 to 10.0.2.1 port 67 (xid=0x4c6113aa)
Oct 29 21:33:10 ip-10-0-0-14 dhclient[1068]: DHCPACK of 10.0.2.244 from 10.0.2.1
Oct 29 21:33:10 ip-10-0-0-14 dhclient[1068]: bound to 10.0.2.244 -- renewal in 1725 seconds.
Oct 29 21:39:01 ip-10-0-0-14 CRON[8342]: (root) CMD (  [ -x /usr/lib/php/sessionclean ] && /usr/lib/php/sessionclean)
Oct 29 21:46:20 ip-10-0-0-14 dhclient[1069]: DHCPREQUEST of 10.0.0.14 on eth0 to 10.0.0.1 port 67 (xid=0x34daf461)
Oct 29 21:46:20 ip-10-0-0-14 dhclient[1069]: DHCPACK of 10.0.0.14 from 10.0.0.1
Oct 29 21:46:20 ip-10-0-0-14 dhclient[1069]: bound to 10.0.0.14 -- renewal in 1579 seconds.
Oct 29 22:01:55 ip-10-0-0-14 dhclient[1068]: DHCPREQUEST of 10.0.2.244 on eth1 to 10.0.2.1 port 67 (xid=0x4c6113aa)
Oct 29 22:01:55 ip-10-0-0-14 dhclient[1068]: DHCPACK of 10.0.2.244 from 10.0.2.1
Oct 29 22:01:55 ip-10-0-0-14 dhclient[1068]: bound to 10.0.2.244 -- renewal in 1363 seconds.
Oct 29 22:09:01 ip-10-0-0-14 CRON[8407]: (root) CMD (  [ -x /usr/lib/php/sessionclean ] && /usr/lib/php/sessionclean)
Oct 29 22:12:39 ip-10-0-0-14 dhclient[1069]: DHCPREQUEST of 10.0.0.14 on eth0 to 10.0.0.1 port 67 (xid=0x34daf461)
Oct 29 22:12:39 ip-10-0-0-14 dhclient[1069]: DHCPACK of 10.0.0.14 from 10.0.0.1
Oct 29 22:12:39 ip-10-0-0-14 dhclient[1069]: bound to 10.0.0.14 -- renewal in 1513 seconds.
Oct 29 22:17:01 ip-10-0-0-14 CRON[8461]: (root) CMD (   cd / && run-parts --report /etc/cron.hourly)
Oct 29 22:24:38 ip-10-0-0-14 dhclient[1068]: DHCPREQUEST of 10.0.2.244 on eth1 to 10.0.2.1 port 67 (xid=0x4c6113aa)
Oct 29 22:24:38 ip-10-0-0-14 dhclient[1068]: DHCPACK of 10.0.2.244 from 10.0.2.1
Oct 29 22:24:38 ip-10-0-0-14 dhclient[1068]: bound to 10.0.2.244 -- renewal in 1760 seconds.
Oct 29 22:37:52 ip-10-0-0-14 dhclient[1069]: DHCPREQUEST of 10.0.0.14 on eth0 to 10.0.0.1 port 67 (xid=0x34daf461)
Oct 29 22:37:52 ip-10-0-0-14 dhclient[1069]: DHCPACK of 10.0.0.14 from 10.0.0.1
Oct 29 22:37:52 ip-10-0-0-14 dhclient[1069]: bound to 10.0.0.14 -- renewal in 1461 seconds.
Oct 29 22:39:02 ip-10-0-0-14 CRON[8487]: (root) CMD (  [ -x /usr/lib/php/sessionclean ] && /usr/lib/php/sessionclean)
Oct 29 22:53:58 ip-10-0-0-14 dhclient[1068]: DHCPREQUEST of 10.0.2.244 on eth1 to 10.0.2.1 port 67 (xid=0x4c6113aa)
Oct 29 22:53:58 ip-10-0-0-14 dhclient[1068]: DHCPACK of 10.0.2.244 from 10.0.2.1
Oct 29 22:53:58 ip-10-0-0-14 dhclient[1068]: bound to 10.0.2.244 -- renewal in 1582 seconds.
Oct 29 23:02:13 ip-10-0-0-14 dhclient[1069]: DHCPREQUEST of 10.0.0.14 on eth0 to 10.0.0.1 port 67 (xid=0x34daf461)
Oct 29 23:02:13 ip-10-0-0-14 dhclient[1069]: DHCPACK of 10.0.0.14 from 10.0.0.1
Oct 29 23:02:13 ip-10-0-0-14 dhclient[1069]: bound to 10.0.0.14 -- renewal in 1487 seconds.
Oct 29 23:09:01 ip-10-0-0-14 CRON[8552]: (root) CMD (  [ -x /usr/lib/php/sessionclean ] && /usr/lib/php/sessionclean)
Oct 29 23:17:01 ip-10-0-0-14 CRON[8594]: (root) CMD (   cd / && run-parts --report /etc/cron.hourly)
Oct 29 23:20:20 ip-10-0-0-14 dhclient[1068]: DHCPREQUEST of 10.0.2.244 on eth1 to 10.0.2.1 port 67 (xid=0x4c6113aa)
Oct 29 23:20:20 ip-10-0-0-14 dhclient[1068]: DHCPACK of 10.0.2.244 from 10.0.2.1
Oct 29 23:20:20 ip-10-0-0-14 dhclient[1068]: bound to 10.0.2.244 -- renewal in 1687 seconds.
Oct 29 23:27:00 ip-10-0-0-14 dhclient[1069]: DHCPREQUEST of 10.0.0.14 on eth0 to 10.0.0.1 port 67 (xid=0x34daf461)
Oct 29 23:27:00 ip-10-0-0-14 dhclient[1069]: DHCPACK of 10.0.0.14 from 10.0.0.1
Oct 29 23:27:00 ip-10-0-0-14 dhclient[1069]: bound to 10.0.0.14 -- renewal in 1438 seconds.
Oct 29 23:39:01 ip-10-0-0-14 CRON[8620]: (root) CMD (  [ -x /usr/lib/php/sessionclean ] && /usr/lib/php/sessionclean)
Oct 29 23:48:27 ip-10-0-0-14 dhclient[1068]: DHCPREQUEST of 10.0.2.244 on eth1 to 10.0.2.1 port 67 (xid=0x4c6113aa)
Oct 29 23:48:27 ip-10-0-0-14 dhclient[1068]: DHCPACK of 10.0.2.244 from 10.0.2.1
Oct 29 23:48:27 ip-10-0-0-14 dhclient[1068]: bound to 10.0.2.244 -- renewal in 1592 seconds.
Oct 29 23:50:58 ip-10-0-0-14 dhclient[1069]: DHCPREQUEST of 10.0.0.14 on eth0 to 10.0.0.1 port 67 (xid=0x34daf461)
Oct 29 23:50:58 ip-10-0-0-14 dhclient[1069]: DHCPACK of 10.0.0.14 from 10.0.0.1
Oct 29 23:50:58 ip-10-0-0-14 dhclient[1069]: bound to 10.0.0.14 -- renewal in 1755 seconds.
Oct 30 00:09:01 ip-10-0-0-14 CRON[8685]: (root) CMD (  [ -x /usr/lib/php/sessionclean ] && /usr/lib/php/sessionclean)
Oct 30 00:14:59 ip-10-0-0-14 dhclient[1068]: DHCPREQUEST of 10.0.2.244 on eth1 to 10.0.2.1 port 67 (xid=0x4c6113aa)
Oct 30 00:14:59 ip-10-0-0-14 dhclient[1068]: DHCPACK of 10.0.2.244 from 10.0.2.1
Oct 30 00:14:59 ip-10-0-0-14 dhclient[1068]: bound to 10.0.2.244 -- renewal in 1668 seconds.
Oct 30 00:17:01 ip-10-0-0-14 CRON[8738]: (root) CMD (   cd / && run-parts --report /etc/cron.hourly)
Oct 30 00:20:13 ip-10-0-0-14 dhclient[1069]: DHCPREQUEST of 10.0.0.14 on eth0 to 10.0.0.1 port 67 (xid=0x34daf461)
Oct 30 00:20:13 ip-10-0-0-14 dhclient[1069]: DHCPACK of 10.0.0.14 from 10.0.0.1
Oct 30 00:20:14 ip-10-0-0-14 dhclient[1069]: bound to 10.0.0.14 -- renewal in 1404 seconds.
Oct 30 00:28:59 ip-10-0-0-14 systemd[1]: Starting Automatically fetch and run repair assertions...
Oct 30 00:28:59 ip-10-0-0-14 snap-repair[8752]: error: cannot use snap-repair on a classic system
Oct 30 00:28:59 ip-10-0-0-14 systemd[1]: Started Automatically fetch and run repair assertions.
Oct 30 00:31:09 ip-10-0-0-14 snapd[1334]: 2017/10/30 00:31:09.535190 snapmgr.go:429: No snaps to auto-refresh found
Oct 30 00:39:01 ip-10-0-0-14 CRON[8760]: (root) CMD (  [ -x /usr/lib/php/sessionclean ] && /usr/lib/php/sessionclean)
Oct 30 00:42:47 ip-10-0-0-14 dhclient[1068]: DHCPREQUEST of 10.0.2.244 on eth1 to 10.0.2.1 port 67 (xid=0x4c6113aa)
Oct 30 00:42:47 ip-10-0-0-14 dhclient[1068]: DHCPACK of 10.0.2.244 from 10.0.2.1
Oct 30 00:42:47 ip-10-0-0-14 dhclient[1068]: bound to 10.0.2.244 -- renewal in 1761 seconds.
Oct 30 00:43:38 ip-10-0-0-14 dhclient[1069]: DHCPREQUEST of 10.0.0.14 on eth0 to 10.0.0.1 port 67 (xid=0x34daf461)
Oct 30 00:43:38 ip-10-0-0-14 dhclient[1069]: DHCPACK of 10.0.0.14 from 10.0.0.1
Oct 30 00:43:38 ip-10-0-0-14 dhclient[1069]: bound to 10.0.0.14 -- renewal in 1712 seconds.
Oct 30 01:09:01 ip-10-0-0-14 CRON[8825]: (root) CMD (  [ -x /usr/lib/php/sessionclean ] && /usr/lib/php/sessionclean)
Oct 30 01:12:08 ip-10-0-0-14 dhclient[1068]: DHCPREQUEST of 10.0.2.244 on eth1 to 10.0.2.1 port 67 (xid=0x4c6113aa)
Oct 30 01:12:08 ip-10-0-0-14 dhclient[1068]: DHCPACK of 10.0.2.244 from 10.0.2.1
Oct 30 01:12:08 ip-10-0-0-14 dhclient[1068]: bound to 10.0.2.244 -- renewal in 1366 seconds.
Oct 30 01:12:10 ip-10-0-0-14 dhclient[1069]: DHCPREQUEST of 10.0.0.14 on eth0 to 10.0.0.1 port 67 (xid=0x34daf461)
Oct 30 01:12:10 ip-10-0-0-14 dhclient[1069]: DHCPACK of 10.0.0.14 from 10.0.0.1
Oct 30 01:12:10 ip-10-0-0-14 dhclient[1069]: bound to 10.0.0.14 -- renewal in 1552 seconds.
Oct 30 01:17:01 ip-10-0-0-14 CRON[8890]: (root) CMD (   cd / && run-parts --report /etc/cron.hourly)
Oct 30 01:34:54 ip-10-0-0-14 dhclient[1068]: DHCPREQUEST of 10.0.2.244 on eth1 to 10.0.2.1 port 67 (xid=0x4c6113aa)
Oct 30 01:34:54 ip-10-0-0-14 dhclient[1068]: DHCPACK of 10.0.2.244 from 10.0.2.1
Oct 30 01:34:54 ip-10-0-0-14 dhclient[1068]: bound to 10.0.2.244 -- renewal in 1611 seconds.
Oct 30 01:38:02 ip-10-0-0-14 dhclient[1069]: DHCPREQUEST of 10.0.0.14 on eth0 to 10.0.0.1 port 67 (xid=0x34daf461)
Oct 30 01:38:02 ip-10-0-0-14 dhclient[1069]: DHCPACK of 10.0.0.14 from 10.0.0.1
Oct 30 01:38:02 ip-10-0-0-14 dhclient[1069]: bound to 10.0.0.14 -- renewal in 1589 seconds.
Oct 30 01:39:01 ip-10-0-0-14 CRON[8916]: (root) CMD (  [ -x /usr/lib/php/sessionclean ] && /usr/lib/php/sessionclean)
Oct 30 02:01:45 ip-10-0-0-14 dhclient[1068]: DHCPREQUEST of 10.0.2.244 on eth1 to 10.0.2.1 port 67 (xid=0x4c6113aa)
Oct 30 02:01:45 ip-10-0-0-14 dhclient[1068]: DHCPACK of 10.0.2.244 from 10.0.2.1
Oct 30 02:01:45 ip-10-0-0-14 dhclient[1068]: bound to 10.0.2.244 -- renewal in 1722 seconds.
Oct 30 02:04:31 ip-10-0-0-14 dhclient[1069]: DHCPREQUEST of 10.0.0.14 on eth0 to 10.0.0.1 port 67 (xid=0x34daf461)
Oct 30 02:04:31 ip-10-0-0-14 dhclient[1069]: DHCPACK of 10.0.0.14 from 10.0.0.1
Oct 30 02:04:31 ip-10-0-0-14 dhclient[1069]: bound to 10.0.0.14 -- renewal in 1602 seconds.
Oct 30 02:09:01 ip-10-0-0-14 CRON[8981]: (root) CMD (  [ -x /usr/lib/php/sessionclean ] && /usr/lib/php/sessionclean)
Oct 30 02:17:01 ip-10-0-0-14 CRON[9023]: (root) CMD (   cd / && run-parts --report /etc/cron.hourly)
Oct 30 02:30:27 ip-10-0-0-14 dhclient[1068]: DHCPREQUEST of 10.0.2.244 on eth1 to 10.0.2.1 port 67 (xid=0x4c6113aa)
Oct 30 02:30:27 ip-10-0-0-14 dhclient[1068]: DHCPACK of 10.0.2.244 from 10.0.2.1
Oct 30 02:30:27 ip-10-0-0-14 dhclient[1068]: bound to 10.0.2.244 -- renewal in 1779 seconds.
Oct 30 02:31:13 ip-10-0-0-14 dhclient[1069]: DHCPREQUEST of 10.0.0.14 on eth0 to 10.0.0.1 port 67 (xid=0x34daf461)
Oct 30 02:31:13 ip-10-0-0-14 dhclient[1069]: DHCPACK of 10.0.0.14 from 10.0.0.1
Oct 30 02:31:13 ip-10-0-0-14 dhclient[1069]: bound to 10.0.0.14 -- renewal in 1580 seconds.
Oct 30 02:39:01 ip-10-0-0-14 CRON[9050]: (root) CMD (  [ -x /usr/lib/php/sessionclean ] && /usr/lib/php/sessionclean)
Oct 30 02:57:33 ip-10-0-0-14 dhclient[1069]: DHCPREQUEST of 10.0.0.14 on eth0 to 10.0.0.1 port 67 (xid=0x34daf461)
Oct 30 02:57:33 ip-10-0-0-14 dhclient[1069]: DHCPACK of 10.0.0.14 from 10.0.0.1
Oct 30 02:57:33 ip-10-0-0-14 dhclient[1069]: bound to 10.0.0.14 -- renewal in 1711 seconds.
Oct 30 03:00:06 ip-10-0-0-14 dhclient[1068]: DHCPREQUEST of 10.0.2.244 on eth1 to 10.0.2.1 port 67 (xid=0x4c6113aa)
Oct 30 03:00:06 ip-10-0-0-14 dhclient[1068]: DHCPACK of 10.0.2.244 from 10.0.2.1
Oct 30 03:00:06 ip-10-0-0-14 dhclient[1068]: bound to 10.0.2.244 -- renewal in 1431 seconds.
Oct 30 03:09:01 ip-10-0-0-14 CRON[9115]: (root) CMD (  [ -x /usr/lib/php/sessionclean ] && /usr/lib/php/sessionclean)
Oct 30 03:17:01 ip-10-0-0-14 CRON[9157]: (root) CMD (   cd / && run-parts --report /etc/cron.hourly)
Oct 30 03:23:57 ip-10-0-0-14 dhclient[1068]: DHCPREQUEST of 10.0.2.244 on eth1 to 10.0.2.1 port 67 (xid=0x4c6113aa)
Oct 30 03:23:57 ip-10-0-0-14 dhclient[1068]: DHCPACK of 10.0.2.244 from 10.0.2.1
Oct 30 03:23:57 ip-10-0-0-14 dhclient[1068]: bound to 10.0.2.244 -- renewal in 1777 seconds.
Oct 30 03:26:04 ip-10-0-0-14 dhclient[1069]: DHCPREQUEST of 10.0.0.14 on eth0 to 10.0.0.1 port 67 (xid=0x34daf461)
Oct 30 03:26:04 ip-10-0-0-14 dhclient[1069]: DHCPACK of 10.0.0.14 from 10.0.0.1
Oct 30 03:26:04 ip-10-0-0-14 dhclient[1069]: bound to 10.0.0.14 -- renewal in 1560 seconds.
Oct 30 03:39:01 ip-10-0-0-14 CRON[9183]: (root) CMD (  [ -x /usr/lib/php/sessionclean ] && /usr/lib/php/sessionclean)
Oct 30 03:52:04 ip-10-0-0-14 dhclient[1069]: DHCPREQUEST of 10.0.0.14 on eth0 to 10.0.0.1 port 67 (xid=0x34daf461)
Oct 30 03:52:04 ip-10-0-0-14 dhclient[1069]: DHCPACK of 10.0.0.14 from 10.0.0.1
Oct 30 03:52:04 ip-10-0-0-14 dhclient[1069]: bound to 10.0.0.14 -- renewal in 1767 seconds.
Oct 30 03:53:34 ip-10-0-0-14 dhclient[1068]: DHCPREQUEST of 10.0.2.244 on eth1 to 10.0.2.1 port 67 (xid=0x4c6113aa)
Oct 30 03:53:34 ip-10-0-0-14 dhclient[1068]: DHCPACK of 10.0.2.244 from 10.0.2.1
Oct 30 03:53:34 ip-10-0-0-14 dhclient[1068]: bound to 10.0.2.244 -- renewal in 1571 seconds.
Oct 30 04:09:01 ip-10-0-0-14 CRON[9248]: (root) CMD (  [ -x /usr/lib/php/sessionclean ] && /usr/lib/php/sessionclean)
Oct 30 04:17:01 ip-10-0-0-14 CRON[9290]: (root) CMD (   cd / && run-parts --report /etc/cron.hourly)
Oct 30 04:19:45 ip-10-0-0-14 dhclient[1068]: DHCPREQUEST of 10.0.2.244 on eth1 to 10.0.2.1 port 67 (xid=0x4c6113aa)
Oct 30 04:19:45 ip-10-0-0-14 dhclient[1068]: DHCPACK of 10.0.2.244 from 10.0.2.1
Oct 30 04:19:45 ip-10-0-0-14 dhclient[1068]: bound to 10.0.2.244 -- renewal in 1721 seconds.
Oct 30 04:21:31 ip-10-0-0-14 dhclient[1069]: DHCPREQUEST of 10.0.0.14 on eth0 to 10.0.0.1 port 67 (xid=0x34daf461)
Oct 30 04:21:31 ip-10-0-0-14 dhclient[1069]: DHCPACK of 10.0.0.14 from 10.0.0.1
Oct 30 04:21:31 ip-10-0-0-14 dhclient[1069]: bound to 10.0.0.14 -- renewal in 1758 seconds.
Oct 30 04:39:01 ip-10-0-0-14 CRON[9316]: (root) CMD (  [ -x /usr/lib/php/sessionclean ] && /usr/lib/php/sessionclean)
Oct 30 04:48:26 ip-10-0-0-14 dhclient[1068]: DHCPREQUEST of 10.0.2.244 on eth1 to 10.0.2.1 port 67 (xid=0x4c6113aa)
Oct 30 04:48:29 ip-10-0-0-14 dhclient[1068]: DHCPREQUEST of 10.0.2.244 on eth1 to 10.0.2.1 port 67 (xid=0x4c6113aa)
Oct 30 04:48:29 ip-10-0-0-14 dhclient[1068]: DHCPACK of 10.0.2.244 from 10.0.2.1
Oct 30 04:48:29 ip-10-0-0-14 dhclient[1068]: bound to 10.0.2.244 -- renewal in 1681 seconds.
Oct 30 04:50:49 ip-10-0-0-14 dhclient[1069]: DHCPREQUEST of 10.0.0.14 on eth0 to 10.0.0.1 port 67 (xid=0x34daf461)
Oct 30 04:50:49 ip-10-0-0-14 dhclient[1069]: DHCPACK of 10.0.0.14 from 10.0.0.1
Oct 30 04:50:49 ip-10-0-0-14 dhclient[1069]: bound to 10.0.0.14 -- renewal in 1393 seconds.
Oct 30 05:09:01 ip-10-0-0-14 CRON[9381]: (root) CMD (  [ -x /usr/lib/php/sessionclean ] && /usr/lib/php/sessionclean)
Oct 30 05:14:02 ip-10-0-0-14 dhclient[1069]: DHCPREQUEST of 10.0.0.14 on eth0 to 10.0.0.1 port 67 (xid=0x34daf461)
Oct 30 05:14:02 ip-10-0-0-14 dhclient[1069]: DHCPACK of 10.0.0.14 from 10.0.0.1
Oct 30 05:14:02 ip-10-0-0-14 dhclient[1069]: bound to 10.0.0.14 -- renewal in 1642 seconds.
Oct 30 05:16:30 ip-10-0-0-14 dhclient[1068]: DHCPREQUEST of 10.0.2.244 on eth1 to 10.0.2.1 port 67 (xid=0x4c6113aa)
Oct 30 05:16:30 ip-10-0-0-14 dhclient[1068]: DHCPACK of 10.0.2.244 from 10.0.2.1
Oct 30 05:16:30 ip-10-0-0-14 dhclient[1068]: bound to 10.0.2.244 -- renewal in 1643 seconds.
Oct 30 05:17:01 ip-10-0-0-14 CRON[9446]: (root) CMD (   cd / && run-parts --report /etc/cron.hourly)
